Component: ARM Compiler 5.06 update 7 (build 960) Tool: armlink [4d3601]

==============================================================================

Section Cross References

    startup_stm32f103xe.o(RESET) refers to startup_stm32f103xe.o(STACK) for __initial_sp
    startup_stm32f103xe.o(RESET) refers to startup_stm32f103xe.o(.text) for Reset_Handler
    startup_stm32f103xe.o(RESET) refers to stm32f1xx_it.o(i.NMI_Handler) for NMI_Handler
    startup_stm32f103xe.o(RESET) refers to stm32f1xx_it.o(i.HardFault_Handler) for HardFault_Handler
    startup_stm32f103xe.o(RESET) refers to stm32f1xx_it.o(i.MemManage_Handler) for MemManage_Handler
    startup_stm32f103xe.o(RESET) refers to stm32f1xx_it.o(i.BusFault_Handler) for BusFault_Handler
    startup_stm32f103xe.o(RESET) refers to stm32f1xx_it.o(i.UsageFault_Handler) for UsageFault_Handler
    startup_stm32f103xe.o(RESET) refers to stm32f1xx_it.o(i.SVC_Handler) for SVC_Handler
    startup_stm32f103xe.o(RESET) refers to stm32f1xx_it.o(i.DebugMon_Handler) for DebugMon_Handler
    startup_stm32f103xe.o(RESET) refers to os_cpu_a.o(.text) for OS_CPU_PendSVHandler
    startup_stm32f103xe.o(RESET) refers to delay.o(i.SysTick_Handler) for SysTick_Handler
    startup_stm32f103xe.o(RESET) refers to rtc.o(i.RTC_IRQHandler) for RTC_IRQHandler
    startup_stm32f103xe.o(RESET) refers to gtim.o(i.TIM2_IRQHandler) for TIM2_IRQHandler
    startup_stm32f103xe.o(RESET) refers to gtim.o(i.TIM3_IRQHandler) for TIM3_IRQHandler
    startup_stm32f103xe.o(RESET) refers to gtim.o(i.TIM4_IRQHandler) for TIM4_IRQHandler
    startup_stm32f103xe.o(RESET) refers to usart.o(i.USART1_IRQHandler) for USART1_IRQHandler
    startup_stm32f103xe.o(RESET) refers to usart.o(i.USART2_IRQHandler) for USART2_IRQHandler
    startup_stm32f103xe.o(RESET) refers to usart.o(i.USART3_IRQHandler) for USART3_IRQHandler
    startup_stm32f103xe.o(RESET) refers to gtim.o(i.TIM5_IRQHandler) for TIM5_IRQHandler
    startup_stm32f103xe.o(RESET) refers to dma.o(i.UART4_IRQHandler) for UART4_IRQHandler
    startup_stm32f103xe.o(.text) refers to system_stm32f1xx.o(i.SystemInit) for SystemInit
    startup_stm32f103xe.o(.text) refers to entry.o(.ARM.Collect$$$$00000000) for __main
    main.o(i.main) refers to stm32f1xx_hal.o(i.HAL_Init) for HAL_Init
    main.o(i.main) refers to sys.o(i.sys_stm32_clock_init) for sys_stm32_clock_init
    main.o(i.main) refers to delay.o(i.delay_init) for delay_init
    main.o(i.main) refers to led.o(i.led_init) for led_init
    main.o(i.main) refers to usart.o(i.usart3_init) for usart3_init
    main.o(i.main) refers to usart.o(i.usart2_init) for usart2_init
    main.o(i.main) refers to usart.o(i.usart_init) for usart_init
    main.o(i.main) refers to gtim.o(i.gtim_timx_int_init) for gtim_timx_int_init
    main.o(i.main) refers to gtim.o(i.gtim_timx2_int_init) for gtim_timx2_int_init
    main.o(i.main) refers to gtim.o(i.gtim_timx3_int_init) for gtim_timx3_int_init
    main.o(i.main) refers to gtim.o(i.gtim_timx4_int_init) for gtim_timx4_int_init
    main.o(i.main) refers to dma.o(i.dma_gpio_init) for dma_gpio_init
    main.o(i.main) refers to dma.o(i.dma_uart_init) for dma_uart_init
    main.o(i.main) refers to dma.o(i.dma_init) for dma_init
    main.o(i.main) refers to dir.o(i.Dir_init) for Dir_init
    main.o(i.main) refers to dir.o(i.Pulse_init) for Pulse_init
    main.o(i.main) refers to i2c.o(i.i2c_gpio_init) for i2c_gpio_init
    main.o(i.main) refers to relay.o(i.relay_init) for relay_init
    main.o(i.main) refers to oled.o(i.oled_init) for oled_init
    main.o(i.main) refers to littlemoter.o(i.STEPmoter_init) for STEPmoter_init
    main.o(i.main) refers to distance.o(i.dis_init) for dis_init
    main.o(i.main) refers to uc-os2_demo.o(i.uc_os2_demo) for uc_os2_demo
    main.o(i.main) refers to main.o(.data) for .data
    system_stm32f1xx.o(i.SystemCoreClockUpdate) refers to system_stm32f1xx.o(.data) for .data
    system_stm32f1xx.o(i.SystemCoreClockUpdate) refers to system_stm32f1xx.o(.constdata) for .constdata
    uc-os2_demo.o(i.begin_task) refers to start.o(i.start_init) for start_init
    uc-os2_demo.o(i.dis_task) refers to distance.o(i.judge_dis) for judge_dis
    uc-os2_demo.o(i.main_task) refers to printfa.o(i.__0sprintf) for __2sprintf
    uc-os2_demo.o(i.main_task) refers to oled.o(i.oled_show_string) for oled_show_string
    uc-os2_demo.o(i.main_task) refers to speed.o(i.speed_change) for speed_change
    uc-os2_demo.o(i.main_task) refers to distance.o(i.judge_dis) for judge_dis
    uc-os2_demo.o(i.main_task) refers to oled.o(i.oled_show_num) for oled_show_num
    uc-os2_demo.o(i.main_task) refers to oled.o(i.oled_refresh_gram) for oled_refresh_gram
    uc-os2_demo.o(i.main_task) refers to os_time.o(i.OSTimeDly) for OSTimeDly
    uc-os2_demo.o(i.main_task) refers to oled.o(i.oled_clear_little) for oled_clear_little
    uc-os2_demo.o(i.main_task) refers to main.o(.data) for pulse
    uc-os2_demo.o(i.main_task) refers to main.o(.data) for pulse2
[...]
    _printf_str                              0x00000000   Number         0  stubs.o ABSOLUTE
    _printf_truncate_signed                  0x00000000   Number         0  stubs.o ABSOLUTE
    _printf_truncate_unsigned                0x00000000   Number         0  stubs.o ABSOLUTE
    _printf_u                                0x00000000   Number         0  stubs.o ABSOLUTE
    _printf_wc                               0x00000000   Number         0  stubs.o ABSOLUTE
    _printf_wctomb                           0x00000000   Number         0  stubs.o ABSOLUTE
    _printf_widthprec                        0x00000000   Number         0  stubs.o ABSOLUTE
    _printf_x                                0x00000000   Number         0  stubs.o ABSOLUTE
    __arm_fini_                               - Undefined Weak Reference
    __cpp_initialize__aeabi_                  - Undefined Weak Reference
    __cxa_finalize                            - Undefined Weak Reference
    _clock_init                               - Undefined Weak Reference
    _microlib_exit                            - Undefined Weak Reference
    __Vectors_Size                           0x00000130   Number         0  startup_stm32f103xe.o ABSOLUTE
    __Vectors                                0x08000000   Data           4  startup_stm32f103xe.o(RESET)
    __Vectors_End                            0x08000130   Data           0  startup_stm32f103xe.o(RESET)
    __main                                   0x08000131   Thumb Code     0  entry.o(.ARM.Collect$$$$00000000)
    _main_stk                                0x08000131   Thumb Code     0  entry2.o(.ARM.Collect$$$$00000001)
    _main_scatterload                        0x08000135   Thumb Code     0  entry5.o(.ARM.Collect$$$$00000004)
    __main_after_scatterload                 0x08000139   Thumb Code     0  entry5.o(.ARM.Collect$$$$00000004)
    _main_clock                              0x08000139   Thumb Code     0  entry7b.o(.ARM.Collect$$$$00000008)
    _main_cpp_init                           0x08000139   Thumb Code     0  entry8b.o(.ARM.Collect$$$$0000000A)
    _main_init                               0x08000139   Thumb Code     0  entry9a.o(.ARM.Collect$$$$0000000B)
    __rt_lib_shutdown_fini                   0x08000141   Thumb Code     0  entry12b.o(.ARM.Collect$$$$0000000E)
    __rt_final_cpp                           0x08000145   Thumb Code     0  entry10a.o(.ARM.Collect$$$$0000000F)
    __rt_final_exit                          0x08000145   Thumb Code     0  entry11a.o(.ARM.Collect$$$$00000011)
    Reset_Handler                            0x08000149   Thumb Code     8  startup_stm32f103xe.o(.text)
    ADC1_2_IRQHandler                        0x08000163   Thumb Code     0  startup_stm32f103xe.o(.text)
    ADC3_IRQHandler                          0x08000163   Thumb Code     0  startup_stm32f103xe.o(.text)
    CAN1_RX1_IRQHandler                      0x08000163   Thumb Code     0  startup_stm32f103xe.o(.text)
    CAN1_SCE_IRQHandler                      0x08000163   Thumb Code     0  startup_stm32f103xe.o(.text)
    DMA1_Channel1_IRQHandler                 0x08000163   Thumb Code     0  startup_stm32f103xe.o(.text)
    DMA1_Channel2_IRQHandler                 0x08000163   Thumb Code     0  startup_stm32f103xe.o(.text)
    DMA1_Channel3_IRQHandler                 0x08000163   Thumb Code     0  startup_stm32f103xe.o(.text)
    DMA1_Channel4_IRQHandler                 0x08000163   Thumb Code     0  startup_stm32f103xe.o(.text)
    DMA1_Channel5_IRQHandler                 0x08000163   Thumb Code     0  startup_stm32f103xe.o(.text)
    DMA1_Channel6_IRQHandler                 0x08000163   Thumb Code     0  startup_stm32f103xe.o(.text)
    DMA1_Channel7_IRQHandler                 0x08000163   Thumb Code     0  startup_stm32f103xe.o(.text)
    DMA2_Channel1_IRQHandler                 0x08000163   Thumb Code     0  startup_stm32f103xe.o(.text)
    DMA2_Channel2_IRQHandler                 0x08000163   Thumb Code     0  startup_stm32f103xe.o(.text)
    DMA2_Channel3_IRQHandler                 0x08000163   Thumb Code     0  startup_stm32f103xe.o(.text)
    DMA2_Channel4_5_IRQHandler               0x08000163   Thumb Code     0  startup_stm32f103xe.o(.text)
    EXTI0_IRQHandler                         0x08000163   Thumb Code     0  startup_stm32f103xe.o(.text)
    EXTI15_10_IRQHandler                     0x08000163   Thumb Code     0  startup_stm32f103xe.o(.text)
    EXTI1_IRQHandler                         0x08000163   Thumb Code     0  startup_stm32f103xe.o(.text)
    EXTI2_IRQHandler                         0x08000163   Thumb Code     0  startup_stm32f103xe.o(.text)
    EXTI3_IRQHandler                         0x08000163   Thumb Code     0  startup_stm32f103xe.o(.text)
    EXTI4_IRQHandler                         0x08000163   Thumb Code     0  startup_stm32f103xe.o(.text)
    EXTI9_5_IRQHandler                       0x08000163   Thumb Code     0  startup_stm32f103xe.o(.text)
    FLASH_IRQHandler                         0x08000163   Thumb Code     0  startup_stm32f103xe.o(.text)
    FSMC_IRQHandler                          0x08000163   Thumb Code     0  startup_stm32f103xe.o(.text)
    I2C1_ER_IRQHandler                       0x08000163   Thumb Code     0  startup_stm32f103xe.o(.text)
    I2C1_EV_IRQHandler                       0x08000163   Thumb Code     0  startup_stm32f103xe.o(.text)
    I2C2_ER_IRQHandler                       0x08000163   Thumb Code     0  startup_stm32f103xe.o(.text)
    I2C2_EV_IRQHandler                       0x08000163   Thumb Code     0  startup_stm32f103xe.o(.text)
    PVD_IRQHandler                           0x08000163   Thumb Code     0  startup_stm32f103xe.o(.text)
    RCC_IRQHandler                           0x08000163   Thumb Code     0  startup_stm32f103xe.o(.text)
    RTC_Alarm_IRQHandler                     0x08000163   Thumb Code     0  startup_stm32f103xe.o(.text)
    SDIO_IRQHandler                          0x08000163   Thumb Code     0  startup_stm32f103xe.o(.text)
    SPI1_IRQHandler                          0x08000163   Thumb Code     0  startup_stm32f103xe.o(.text)
    SPI2_IRQHandler                          0x08000163   Thumb Code     0  startup_stm32f103xe.o(.text)
    SPI3_IRQHandler                          0x08000163   Thumb Code     0  startup_stm32f103xe.o(.text)
    TAMPER_IRQHandler                        0x08000163   Thumb Code     0  startup_stm32f103xe.o(.text)
    TIM1_BRK_IRQHandler                      0x08000163   Thumb Code     0  startup_stm32f103xe.o(.text)
    TIM1_CC_IRQHandler                       0x08000163   Thumb Code     0  startup_stm32f103xe.o(.text)
    TIM1_TRG_COM_IRQHandler                  0x08000163   Thumb Code     0  startup_stm32f103xe.o(.text)
    TIM1_UP_IRQHandler                       0x08000163   Thumb Code     0  startup_stm32f103xe.o(.text)
    TIM6_IRQHandler                          0x08000163   Thumb Code     0  startup_stm32f103xe.o(.text)
    TIM7_IRQHandler                          0x08000163   Thumb Code     0  startup_stm32f103xe.o(.text)
    TIM8_BRK_IRQHandler                      0x08000163   Thumb Code     0  startup_stm32f103xe.o(.text)
    TIM8_CC_IRQHandler                       0x08000163   Thumb Code     0  startup_stm32f103xe.o(.text)
    TIM8_TRG_COM_IRQHandler                  0x08000163   Thumb Code     0  startup_stm32f103xe.o(.text)
    TIM8_UP_IRQHandler                       0x08000163   Thumb Code     0  startup_stm32f103xe.o(.text)
    UART5_IRQHandler                         0x08000163   Thumb Code     0  startup_stm32f103xe.o(.text)
    USBWakeUp_IRQHandler                     0x08000163   Thumb Code     0  startup_stm32f103xe.o(.text)
    USB_HP_CAN1_TX_IRQHandler                0x08000163   Thumb Code     0  startup_stm32f103xe.o(.text)
    USB_LP_CAN1_RX0_IRQHandler               0x08000163   Thumb Code     0  startup_stm32f103xe.o(.text)
    WWDG_IRQHandler                          0x08000163   Thumb Code     0  startup_stm32f103xe.o(.text)
    OS_CPU_SR_Save                           0x0800016d   Thumb Code     0  os_cpu_a.o(.text)
    OS_CPU_SR_Restore                        0x08000189   Thumb Code     0  os_cpu_a.o(.text)
    OSStartHighRdy                           0x0800019b   Thumb Code     0  os_cpu_a.o(.text)
    OSCtxSw                                  0x080001f3   Thumb Code     0  os_cpu_a.o(.text)
    OSIntCtxSw                               0x080001f3   Thumb Code     0  os_cpu_a.o(.text)
    OS_CPU_PendSVHandler                     0x080001fd   Thumb Code     0  os_cpu_a.o(.text)
    __aeabi_llsr                             0x08000281   Thumb Code    32  llushr.o(.text)
    _ll_ushift_r                             0x08000281   Thumb Code     0  llushr.o(.text)
    __aeabi_memset                           0x080002a1   Thumb Code    14  memseta.o(.text)
    __aeabi_memset4                          0x080002a1   Thumb Code     0  memseta.o(.text)
    __aeabi_memset8                          0x080002a1   Thumb Code     0  memseta.o(.text)
    __aeabi_memclr                           0x080002af   Thumb Code     4  memseta.o(.text)
    __aeabi_memclr4                          0x080002af   Thumb Code     0  memseta.o(.text)
    __aeabi_memclr8                          0x080002af   Thumb Code     0  memseta.o(.text)
    _memset$wrapper                          0x080002b3   Thumb Code    18  memseta.o(.text)
    strlen                                   0x080002c5   Thumb Code    14  strlen.o(.text)
    strncmp                                  0x080002d3   Thumb Code    30  strncmp.o(.text)
    strtok                                   0x080002f1   Thumb Code    62  strtok.o(.text)
    __aeabi_fadd                             0x08000335   Thumb Code   164  fadd.o(.text)
    __aeabi_fsub                             0x080003d9   Thumb Code     6  fadd.o(.text)
    __aeabi_frsub                            0x080003df   Thumb Code     6  fadd.o(.text)
    __aeabi_fmul                             0x080003e5   Thumb Code   100  fmul.o(.text)
    __aeabi_fdiv                             0x08000449   Thumb Code   124  fdiv.o(.text)
    __ARM_scalbnf                            0x080004c5   Thumb Code    24  fscalb.o(.text)
    scalbnf                                  0x080004c5   Thumb Code     0  fscalb.o(.text)
    __aeabi_dadd                             0x080004dd   Thumb Code   322  dadd.o(.text)
    __aeabi_dsub                             0x0800061f   Thumb Code     6  dadd.o(.text)
    __aeabi_drsub                            0x08000625   Thumb Code     6  dadd.o(.text)
    __aeabi_ddiv                             0x0800062b   Thumb Code   222  ddiv.o(.text)
    __ARM_scalbn                             0x08000709   Thumb Code    46  dscalb.o(.text)
    scalbn                                   0x08000709   Thumb Code     0  dscalb.o(.text)
    __aeabi_ui2f                             0x08000737   Thumb Code    10  ffltui.o(.text)
    __aeabi_ui2d                             0x08000741   Thumb Code    26  dfltui.o(.text)
    __aeabi_f2uiz                            0x0800075b   Thumb Code    40  ffixui.o(.text)
    __aeabi_d2uiz                            0x08000783   Thumb Code    50  dfixui.o(.text)
    __aeabi_f2d                              0x080007b5   Thumb Code    38  f2d.o(.text)
    __aeabi_cdcmpeq                          0x080007dd   Thumb Code     0  cdcmple.o(.text)
    __aeabi_cdcmple                          0x080007dd   Thumb Code    48  cdcmple.o(.text)
    __aeabi_cdrcmple                         0x0800080d   Thumb Code    48  cdrcmple.o(.text)
    __aeabi_d2f                              0x0800083d   Thumb Code    56  d2f.o(.text)
    __aeabi_uidiv                            0x08000875   Thumb Code     0  uidiv.o(.text)
    __aeabi_uidivmod                         0x08000875   Thumb Code    44  uidiv.o(.text)
    __aeabi_uldivmod                         0x080008a1   Thumb Code    98  uldiv.o(.text)
    __aeabi_llsl                             0x08000903   Thumb Code    30  llshl.o(.text)
    _ll_shift_l                              0x08000903   Thumb Code     0  llshl.o(.text)
    __aeabi_lasr                             0x08000921   Thumb Code    36  llsshr.o(.text)
    _ll_sshift_r                             0x08000921   Thumb Code     0  llsshr.o(.text)
    __strtod_int                             0x0800097b   Thumb Code    90  strtod.o(.text)
    __I$use$fp                               0x080009e1   Thumb Code     0  iusefp.o(.text)
    _float_round                             0x080009e1   Thumb Code    18  fepilogue.o(.text)
    _float_epilogue                          0x080009f3   Thumb Code    92  fepilogue.o(.text)
    _double_round                            0x08000a4f   Thumb Code    30  depilogue.o(.text)
    _double_epilogue                         0x08000a6d   Thumb Code   156  depilogue.o(.text)
    __aeabi_dmul                             0x08000b09   Thumb Code   228  dmul.o(.text)
    _dsqrt                                   0x08000bed   Thumb Code   162  dsqrt.o(.text)
    _drem                                    0x08000c8f   Thumb Code   134  drem.o(.text)
    __aeabi_d2ulz                            0x08000d15   Thumb Code    48  dfixul.o(.text)
    __scatterload                            0x08000d45   Thumb Code    28  init.o(.text)
    __scatterload_rt2                        0x08000d45   Thumb Code     0  init.o(.text)
    isspace                                  0x08000d69   Thumb Code    10  isspace_c.o(.text)
    _scanf_real                              0x08000e9d   Thumb Code     0  scanf_fp.o(.text)
    _scanf_really_real                       0x08000e9d   Thumb Code   556  scanf_fp.o(.text)
    _sgetc                                   0x080010d5   Thumb Code    30  _sgetc.o(.text)
    _sbackspace                              0x080010f3   Thumb Code    34  _sgetc.o(.text)
    __ctype_lookup                           0x08001115   Thumb Code    34  ctype_c.o(.text)
    __aeabi_ul2d                             0x0800113d   Thumb Code    24  dfltul.o(.text)
    __decompress                             0x08001155   Thumb Code     0  __dczerorl2.o(.text)
    __decompress1                            0x08001155   Thumb Code    86  __dczerorl2.o(.text)
    App_TCBInitHook                          0x080011ab   Thumb Code     2  app_hooks.o(i.App_TCBInitHook)
    App_TaskCreateHook                       0x080011ad   Thumb Code     2  app_hooks.o(i.App_TaskCreateHook)
    App_TaskDelHook                          0x080011af   Thumb Code     2  app_hooks.o(i.App_TaskDelHook)
    App_TaskIdleHook                         0x080011b1   Thumb Code     2  app_hooks.o(i.App_TaskIdleHook)
    App_TaskReturnHook                       0x080011b3   Thumb Code     2  app_hooks.o(i.App_TaskReturnHook)
    App_TaskStatHook                         0x080011b5   Thumb Code     2  app_hooks.o(i.App_TaskStatHook)
    App_TaskSwHook                           0x080011b7   Thumb Code     2  app_hooks.o(i.App_TaskSwHook)
    App_TimeTickHook                         0x080011b9   Thumb Code     2  app_hooks.o(i.App_TimeTickHook)
    BusFault_Handler                         0x080011bb   Thumb Code     2  stm32f1xx_it.o(i.BusFault_Handler)
    DebugMon_Handler                         0x080011bd   Thumb Code     2  stm32f1xx_it.o(i.DebugMon_Handler)
    Dir_init                                 0x080011c1   Thumb Code   124  dir.o(i.Dir_init)
    HAL_DMA_Abort_IT                         0x08001249   Thumb Code   328  stm32f1xx_hal_dma.o(i.HAL_DMA_Abort_IT)
    HAL_DMA_Init                             0x08001399   Thumb Code   116  stm32f1xx_hal_dma.o(i.HAL_DMA_Init)
    HAL_GPIO_Init                            0x08001419   Thumb Code   492  stm32f1xx_hal_gpio.o(i.HAL_GPIO_Init)
    HAL_GPIO_ReadPin                         0x0800162d   Thumb Code    14  stm32f1xx_hal_gpio.o(i.HAL_GPIO_ReadPin)
    HAL_GPIO_TogglePin                       0x0800163b   Thumb Code    16  stm32f1xx_hal_gpio.o(i.HAL_GPIO_TogglePin)
    HAL_GPIO_WritePin                        0x0800164b   Thumb Code    14  stm32f1xx_hal_gpio.o(i.HAL_GPIO_WritePin)
    HAL_GetTick                              0x08001659   Thumb Code     6  stm32f1xx_hal.o(i.HAL_GetTick)
    HAL_IncTick                              0x08001665   Thumb Code    12  stm32f1xx_hal.o(i.HAL_IncTick)
    HAL_Init                                 0x08001675   Thumb Code    32  stm32f1xx_hal.o(i.HAL_Init)
    HAL_InitTick                             0x08001699   Thumb Code    58  stm32f1xx_hal.o(i.HAL_InitTick)
    HAL_MspInit                              0x080016dd   Thumb Code     2  stm32f1xx_hal.o(i.HAL_MspInit)
    HAL_NVIC_DisableIRQ                      0x080016df   Thumb Code    34  stm32f1xx_hal_cortex.o(i.HAL_NVIC_DisableIRQ)
    HAL_NVIC_EnableIRQ                       0x08001701   Thumb Code    26  stm32f1xx_hal_cortex.o(i.HAL_NVIC_EnableIRQ)
    HAL_NVIC_SetPriority                     0x0800171d   Thumb Code    60  stm32f1xx_hal_cortex.o(i.HAL_NVIC_SetPriority)
    HAL_NVIC_SetPriorityGrouping             0x0800175d   Thumb Code    26  stm32f1xx_hal_cortex.o(i.HAL_NVIC_SetPriorityGrouping)
    HAL_RCC_ClockConfig                      0x08001781   Thumb Code   318  stm32f1xx_hal_rcc.o(i.HAL_RCC_ClockConfig)
    HAL_RCC_GetHCLKFreq                      0x080018d5   Thumb Code     6  stm32f1xx_hal_rcc.o(i.HAL_RCC_GetHCLKFreq)
    HAL_RCC_GetPCLK1Freq                     0x080018e1   Thumb Code    22  stm32f1xx_hal_rcc.o(i.HAL_RCC_GetPCLK1Freq)
    HAL_RCC_GetPCLK2Freq                     0x08001901   Thumb Code    22  stm32f1xx_hal_rcc.o(i.HAL_RCC_GetPCLK2Freq)
    HAL_RCC_GetSysClockFreq                  0x08001921   Thumb Code    82  stm32f1xx_hal_rcc.o(i.HAL_RCC_GetSysClockFreq)
    HAL_RCC_OscConfig                        0x08001995   Thumb Code   882  stm32f1xx_hal_rcc.o(i.HAL_RCC_OscConfig)
    HAL_SYSTICK_Config                       0x08001d19   Thumb Code    40  stm32f1xx_hal_cortex.o(i.HAL_SYSTICK_Config)
    HAL_TIM_Base_Init                        0x08001d41   Thumb Code    74  stm32f1xx_hal_tim.o(i.HAL_TIM_Base_Init)
    HAL_TIM_Base_MspInit                     0x08001d8b   Thumb Code     2  stm32f1xx_hal_tim.o(i.HAL_TIM_Base_MspInit)
    HAL_TIM_Base_Start_IT                    0x08001d8d   Thumb Code    98  stm32f1xx_hal_tim.o(i.HAL_TIM_Base_Start_IT)
    HAL_UART_ErrorCallback                   0x08001e05   Thumb Code     2  stm32f1xx_hal_uart.o(i.HAL_UART_ErrorCallback)
    HAL_UART_IRQHandler                      0x08001e09   Thumb Code   272  stm32f1xx_hal_uart.o(i.HAL_UART_IRQHandler)
    HAL_UART_Init                            0x08001f1d   Thumb Code   100  stm32f1xx_hal_uart.o(i.HAL_UART_Init)
    HAL_UART_MspInit                         0x08001f81   Thumb Code   126  usart.o(i.HAL_UART_MspInit)
    HAL_UART_Receive_IT                      0x0800200d   Thumb Code    86  stm32f1xx_hal_uart.o(i.HAL_UART_Receive_IT)
    HAL_UART_RxCpltCallback                  0x08002065   Thumb Code   200  usart.o(i.HAL_UART_RxCpltCallback)
    HAL_UART_Transmit                        0x08002149   Thumb Code   190  stm32f1xx_hal_uart.o(i.HAL_UART_Transmit)
    HAL_UART_TxCpltCallback                  0x08002209   Thumb Code    16  dma.o(i.HAL_UART_TxCpltCallback)
    HardFault_Handler                        0x08002221   Thumb Code     2  stm32f1xx_it.o(i.HardFault_Handler)
    MemManage_Handler                        0x08002223   Thumb Code     2  stm32f1xx_it.o(i.MemManage_Handler)
    NMI_Handler                              0x08002225   Thumb Code     2  stm32f1xx_it.o(i.NMI_Handler)
    OLED_WR_Byte                             0x08002227   Thumb Code    58  oled.o(i.OLED_WR_Byte)
    OSDebugInit                              0x08002261   Thumb Code     2  os_dbg.o(i.OSDebugInit)
    OSEventNameSet                           0x08002265   Thumb Code    80  os_core.o(i.OSEventNameSet)
    OSInit                                   0x080022b9   Thumb Code    58  os_core.o(i.OSInit)
    OSInitHookBegin                          0x080022f5   Thumb Code    34  os_cpu_c.o(i.OSInitHookBegin)
    OSInitHookEnd                            0x08002325   Thumb Code     2  os_cpu_c.o(i.OSInitHookEnd)
    OSIntEnter                               0x08002329   Thumb Code    20  os_core.o(i.OSIntEnter)
    OSIntExit                                0x08002341   Thumb Code    82  os_core.o(i.OSIntExit)
    OSMboxCreate                             0x0800239d   Thumb Code    62  os_mbox.o(i.OSMboxCreate)
    OSSchedLock                              0x080023e9   Thumb Code    40  os_core.o(i.OSSchedLock)
    OSSchedUnlock                            0x08002415   Thumb Code    70  os_core.o(i.OSSchedUnlock)
    OSSemCreate                              0x08002461   Thumb Code    62  os_sem.o(i.OSSemCreate)
    OSSemPend                                0x080024ad   Thumb Code   194  os_sem.o(i.OSSemPend)
    OSSemPost                                0x0800257d   Thumb Code    94  os_sem.o(i.OSSemPost)
    OSStart                                  0x080025dd   Thumb Code    38  os_core.o(i.OSStart)
    OSStatInit                               0x0800260d   Thumb Code    52  os_core.o(i.OSStatInit)
    OSTCBInitHook                            0x08002645   Thumb Code     4  os_cpu_c.o(i.OSTCBInitHook)
    OSTaskCreateExt                          0x08002649   Thumb Code   156  os_task.o(i.OSTaskCreateExt)
    OSTaskCreateHook                         0x080026f1   Thumb Code     4  os_cpu_c.o(i.OSTaskCreateHook)
    OSTaskDel                                0x080026f5   Thumb Code   296  os_task.o(i.OSTaskDel)
    OSTaskDelHook                            0x08002849   Thumb Code     4  os_cpu_c.o(i.OSTaskDelHook)
    OSTaskIdleHook                           0x0800284d   Thumb Code     4  os_cpu_c.o(i.OSTaskIdleHook)
    OSTaskNameSet                            0x08002851   Thumb Code   110  os_task.o(i.OSTaskNameSet)
    OSTaskReturnHook                         0x080028cd   Thumb Code     4  os_cpu_c.o(i.OSTaskReturnHook)
    OSTaskStatHook                           0x080028d1   Thumb Code     4  os_cpu_c.o(i.OSTaskStatHook)
    OSTaskStkChk                             0x080028d5   Thumb Code   136  os_task.o(i.OSTaskStkChk)
    OSTaskStkInit                            0x08002965   Thumb Code   102  os_cpu_c.o(i.OSTaskStkInit)
    OSTaskSuspend                            0x080029d1   Thumb Code   154  os_task.o(i.OSTaskSuspend)
    OSTaskSwHook                             0x08002a7d   Thumb Code     4  os_cpu_c.o(i.OSTaskSwHook)
    OSTimeDly                                0x08002a81   Thumb Code    80  os_time.o(i.OSTimeDly)
    OSTimeTick                               0x08002ae5   Thumb Code   174  os_core.o(i.OSTimeTick)
    OSTimeTickHook                           0x08002b99   Thumb Code    34  os_cpu_c.o(i.OSTimeTickHook)
    OSTmrSignal                              0x08002bc1   Thumb Code     8  os_tmr.o(i.OSTmrSignal)
    OSTmr_Init                               0x08002bcd   Thumb Code   152  os_tmr.o(i.OSTmr_Init)
    OS_CPU_SysTickHandler                    0x08002e15   Thumb Code    32  os_cpu_c.o(i.OS_CPU_SysTickHandler)
    OS_CPU_SysTickInit                       0x08002e35   Thumb Code    40  os_cpu_c.o(i.OS_CPU_SysTickInit)
    OS_Dummy                                 0x08002e61   Thumb Code     2  os_core.o(i.OS_Dummy)
    OS_EventTaskRdy                          0x08002e65   Thumb Code   104  os_core.o(i.OS_EventTaskRdy)
    OS_EventTaskRemove                       0x08002ed9   Thumb Code    38  os_core.o(i.OS_EventTaskRemove)
    OS_EventTaskRemoveMulti                  0x08002eff   Thumb Code    40  os_core.o(i.OS_EventTaskRemoveMulti)
    OS_EventTaskWait                         0x08002f29   Thumb Code    70  os_core.o(i.OS_EventTaskWait)
    OS_EventWaitListInit                     0x08002f75   Thumb Code    20  os_core.o(i.OS_EventWaitListInit)
    OS_FlagInit                              0x08002f89   Thumb Code    60  os_flag.o(i.OS_FlagInit)
    OS_FlagUnlink                            0x08002fd1   Thumb Code    34  os_flag.o(i.OS_FlagUnlink)
    OS_MemClr                                0x080031a1   Thumb Code    18  os_core.o(i.OS_MemClr)
    OS_MemInit                               0x080031b5   Thumb Code    66  os_mem.o(i.OS_MemInit)
    OS_QInit                                 0x08003205   Thumb Code    62  os_q.o(i.OS_QInit)
    OS_Sched                                 0x0800324d   Thumb Code    66  os_core.o(i.OS_Sched)
    OS_TCBInit                               0x080032b9   Thumb Code   246  os_core.o(i.OS_TCBInit)
    OS_TaskIdle                              0x080033bd   Thumb Code    24  os_core.o(i.OS_TaskIdle)
    OS_TaskReturn                            0x080033d9   Thumb Code    20  os_task.o(i.OS_TaskReturn)
    OS_TaskStat                              0x080033f1   Thumb Code   136  os_core.o(i.OS_TaskStat)
    OS_TaskStatStkChk                        0x0800347d   Thumb Code    50  os_core.o(i.OS_TaskStatStkChk)
    OS_TaskStkClr                            0x080034b5   Thumb Code    22  os_task.o(i.OS_TaskStkClr)
    Pulse_init                               0x080034cd   Thumb Code    82  dir.o(i.Pulse_init)
    RTC_IRQHandler                           0x0800354d   Thumb Code    84  rtc.o(i.RTC_IRQHandler)
    STEPmoter_init                           0x080035c5   Thumb Code   142  littlemoter.o(i.STEPmoter_init)
    SVC_Handler                              0x08003661   Thumb Code     2  stm32f1xx_it.o(i.SVC_Handler)
    SysTick_Handler                          0x08003665   Thumb Code    22  delay.o(i.SysTick_Handler)
    SystemInit                               0x08003681   Thumb Code     2  system_stm32f1xx.o(i.SystemInit)
    TIM2_IRQHandler                          0x08003685   Thumb Code    54  gtim.o(i.TIM2_IRQHandler)
    TIM3_IRQHandler                          0x080036c9   Thumb Code    54  gtim.o(i.TIM3_IRQHandler)
    TIM4_IRQHandler                          0x0800370d   Thumb Code    30  gtim.o(i.TIM4_IRQHandler)
    TIM5_IRQHandler                          0x08003735   Thumb Code    54  gtim.o(i.TIM5_IRQHandler)
    TIM_Base_SetConfig                       0x08003779   Thumb Code   124  stm32f1xx_hal_tim.o(i.TIM_Base_SetConfig)
    UART2_SendString                         0x08003809   Thumb Code    28  usart.o(i.UART2_SendString)
    UART4_IRQHandler                         0x08003829   Thumb Code     6  dma.o(i.UART4_IRQHandler)
    UART4_SendString                         0x08003835   Thumb Code    28  dma.o(i.UART4_SendString)
    USART1_IRQHandler                        0x08003aa9   Thumb Code    20  usart.o(i.USART1_IRQHandler)
    USART2_IRQHandler                        0x08003ac1   Thumb Code    20  usart.o(i.USART2_IRQHandler)
    USART3_IRQHandler                        0x08003ad9   Thumb Code    20  usart.o(i.USART3_IRQHandler)
    UsageFault_Handler                       0x08003af1   Thumb Code     2  stm32f1xx_it.o(i.UsageFault_Handler)
    __0printf                                0x08003af5   Thumb Code    22  printfa.o(i.__0printf)
    __1printf                                0x08003af5   Thumb Code     0  printfa.o(i.__0printf)
    __2printf                                0x08003af5   Thumb Code     0  printfa.o(i.__0printf)
    __c89printf                              0x08003af5   Thumb Code     0  printfa.o(i.__0printf)
    printf                                   0x08003af5   Thumb Code     0  printfa.o(i.__0printf)
    __0sprintf                               0x08003b15   Thumb Code    34  printfa.o(i.__0sprintf)
    __1sprintf                               0x08003b15   Thumb Code     0  printfa.o(i.__0sprintf)
    __2sprintf                               0x08003b15   Thumb Code     0  printfa.o(i.__0sprintf)
    __c89sprintf                             0x08003b15   Thumb Code     0  printfa.o(i.__0sprintf)
    sprintf                                  0x08003b15   Thumb Code     0  printfa.o(i.__0sprintf)
    __ARM_fpclassify                         0x08003b3d   Thumb Code    40  fpclassify.o(i.__ARM_fpclassify)
    __kernel_poly                            0x08003b85   Thumb Code   170  poly.o(i.__kernel_poly)
    __mathlib_dbl_infnan                     0x08003c2f   Thumb Code     6  dunder.o(i.__mathlib_dbl_infnan)
    __mathlib_dbl_infnan2                    0x08003c35   Thumb Code     4  dunder.o(i.__mathlib_dbl_infnan2)
    __mathlib_dbl_invalid                    0x08003c39   Thumb Code    12  dunder.o(i.__mathlib_dbl_invalid)
    __mathlib_dbl_underflow                  0x08003c45   Thumb Code    10  dunder.o(i.__mathlib_dbl_underflow)
    __read_errno                             0x08003c55   Thumb Code     6  errno.o(i.__read_errno)
    __scatterload_copy                       0x08003c61   Thumb Code    14  handlers.o(i.__scatterload_copy)
    __scatterload_null                       0x08003c6f   Thumb Code     2  handlers.o(i.__scatterload_null)
    __scatterload_zeroinit                   0x08003c71   Thumb Code    14  handlers.o(i.__scatterload_zeroinit)
    __set_errno                              0x08003c81   Thumb Code     6  errno.o(i.__set_errno)
    _is_digit                                0x08003e11   Thumb Code    14  scanf_fp.o(i._is_digit)
    angle_to_pulse                           0x08004531   Thumb Code   124  trans.o(i.angle_to_pulse)
    angle_to_pulse_input                     0x0800460d   Thumb Code   474  trans.o(i.angle_to_pulse_input)
    asin                                     0x0800484d   Thumb Code   572  asin.o(i.asin)
    atan                                     0x08004abd   Thumb Code   474  atan.o(i.atan)
    atan2                                    0x08004cdd   Thumb Code   374  atan2.o(i.atan2)
    atof                                     0x08004e79   Thumb Code    42  atof.o(i.atof)
    begin_task                               0x08004ea3   Thumb Code     4  uc-os2_demo.o(i.begin_task)
    calculate_grad                           0x08004ea9   Thumb Code   444  trans.o(i.calculate_grad)
    data_analysis                            0x080050a9   Thumb Code  1772  usart.o(i.data_analysis)
    data_analysis2                           0x08005795   Thumb Code     4  usart.o(i.data_analysis2)
    delay_init                               0x08005799   Thumb Code    38  delay.o(i.delay_init)
    delay_ms                                 0x080057c5   Thumb Code    58  delay.o(i.delay_ms)
    delay_osschedlock                        0x0800580d   Thumb Code     4  delay.o(i.delay_osschedlock)
    delay_osschedunlock                      0x08005811   Thumb Code     4  delay.o(i.delay_osschedunlock)
    delay_ostimedly                          0x08005815   Thumb Code     4  delay.o(i.delay_ostimedly)
    delay_us                                 0x08005819   Thumb Code    64  delay.o(i.delay_us)
    direction_choose                         0x0800585d   Thumb Code   258  trans.o(i.direction_choose)
    dis_init                                 0x080059a1   Thumb Code    62  distance.o(i.dis_init)
    dis_task                                 0x080059e9   Thumb Code     4  uc-os2_demo.o(i.dis_task)
    dma_gpio_init                            0x080059ed   Thumb Code    86  dma.o(i.dma_gpio_init)
    dma_init                                 0x08005a4d   Thumb Code    86  dma.o(i.dma_init)
    dma_uart_init                            0x08005ab1   Thumb Code    60  dma.o(i.dma_uart_init)
    fmod                                     0x08005af9   Thumb Code   144  fmod.o(i.fmod)
    fputc                                    0x08005b8d   Thumb Code    18  usart.o(i.fputc)
    gtim_timx2_int_init                      0x08005ba5   Thumb Code    68  gtim.o(i.gtim_timx2_int_init)
    gtim_timx3_int_init                      0x08005bf1   Thumb Code    66  gtim.o(i.gtim_timx3_int_init)
    gtim_timx4_int_init                      0x08005c41   Thumb Code    68  gtim.o(i.gtim_timx4_int_init)
    gtim_timx_int_init                       0x08005c91   Thumb Code    66  gtim.o(i.gtim_timx_int_init)
    handle_angle_data                        0x08005ce1   Thumb Code   166  usart.o(i.handle_angle_data)
    i2c_end                                  0x08005d8d   Thumb Code    50  i2c.o(i.i2c_end)
    i2c_gpio_init                            0x08005dc5   Thumb Code    74  i2c.o(i.i2c_gpio_init)
    i2c_start                                0x08005e19   Thumb Code    60  i2c.o(i.i2c_start)
    iic_delay                                0x08005e59   Thumb Code     6  i2c.o(i.iic_delay)
    iic_send_byte                            0x08005e61   Thumb Code    88  i2c.o(i.iic_send_byte)
    iic_wait_ack                             0x08005ebd   Thumb Code    84  i2c.o(i.iic_wait_ack)
    judge_dis                                0x08005f15   Thumb Code   250  distance.o(i.judge_dis)
    led_init                                 0x0800602d   Thumb Code    60  led.o(i.led_init)
    main                                     0x08006071   Thumb Code   134  main.o(i.main)
    main_task                                0x08006101   Thumb Code   188  uc-os2_demo.o(i.main_task)
    movemoter                                0x080061d5   Thumb Code    84  littlemoter.o(i.movemoter)
    normalize_angle                          0x08006229   Thumb Code    66  trans.o(i.normalize_angle)
    oled_clear                               0x0800626d   Thumb Code    38  oled.o(i.oled_clear)
    oled_clear_little                        0x08006299   Thumb Code    34  oled.o(i.oled_clear_little)
    oled_draw_point                          0x080062c1   Thumb Code    46  oled.o(i.oled_draw_point)
    oled_init                                0x080062f5   Thumb Code   230  oled.o(i.oled_init)
    oled_refresh_gram                        0x080063ed   Thumb Code    66  oled.o(i.oled_refresh_gram)
    oled_show_char                           0x08006435   Thumb Code   180  oled.o(i.oled_show_char)
    oled_show_chinese_again                  0x080064f5   Thumb Code   112  oled.o(i.oled_show_chinese_again)
    oled_show_num                            0x08006565   Thumb Code   156  oled.o(i.oled_show_num)
    oled_show_string                         0x08006601   Thumb Code    78  oled.o(i.oled_show_string)
    relay_init                               0x08006651   Thumb Code    82  relay.o(i.relay_init)
    relay_moter1                             0x080066ad   Thumb Code    24  relay.o(i.relay_moter1)
    relay_moterstop                          0x080066c9   Thumb Code    24  relay.o(i.relay_moterstop)
    relay_task                               0x080066e5   Thumb Code     4  uc-os2_demo.o(i.relay_task)
    rtc_get_time                             0x080066e9   Thumb Code   218  rtc.o(i.rtc_get_time)
    rtc_get_week                             0x080067e1   Thumb Code    72  rtc.o(i.rtc_get_week)
    speed_change                             0x08006851   Thumb Code  1176  speed.o(i.speed_change)
    sqrt                                     0x08006cf1   Thumb Code    76  sqrt.o(i.sqrt)
    start_init                               0x08006d3d   Thumb Code    26  start.o(i.start_init)
    start_task                               0x08006d7d   Thumb Code   188  uc-os2_demo.o(i.start_task)
    startmoter                               0x08006e61   Thumb Code   356  littlemoter.o(i.startmoter)
    stopmoter                                0x08006fcd   Thumb Code    48  littlemoter.o(i.stopmoter)
    sys_stm32_clock_init                     0x08007005   Thumb Code    86  sys.o(i.sys_stm32_clock_init)
    trans_init                               0x0800705d   Thumb Code    32  trans.o(i.trans_init)
    uc_os2_demo                              0x08007081   Thumb Code    46  uc-os2_demo.o(i.uc_os2_demo)
    ucos_load_main_ui                        0x080070bd   Thumb Code   264  uc-os2_demo.o(i.ucos_load_main_ui)
    usart2_init                              0x080071ed   Thumb Code   122  usart.o(i.usart2_init)
    usart3_init                              0x0800727d   Thumb Code   154  usart.o(i.usart3_init)
    usart_init                               0x0800732d   Thumb Code    44  usart.o(i.usart_init)
    AHBPrescTable                            0x08007364   Data          16  system_stm32f1xx.o(.constdata)
    APBPrescTable                            0x08007374   Data           8  system_stm32f1xx.o(.constdata)
    oled_asc2_1206                           0x0800737c   Data        1140  oled.o(.constdata)
    oled_asc2_1608                           0x080077f0   Data        1520  oled.o(.constdata)
    oled_asc2_2412                           0x08007de0   Data        3420  oled.o(.constdata)
    OSUnMapTbl                               0x08008b3c   Data         256  os_core.o(.constdata)
    __mathlib_zero                           0x08008d28   Data           8  qnan.o(.constdata)
    __ctype_categories                       0x08008d30   Data          64  ctype_c.o(.constdata)
    Region$$Table$$Base                      0x08008d70   Number         0  anon$$obj.o(Region$$Table)
    Region$$Table$$Limit                     0x08008d90   Number         0  anon$$obj.o(Region$$Table)
    pulse                                    0x20000000   Data           2  main.o(.data)
    pulse2                                   0x20000002   Data           2  main.o(.data)
    pulse3                                   0x20000004   Data           2  main.o(.data)
    pulse_we_need                            0x20000006   Data           2  main.o(.data)
    pulse2_we_need                           0x20000008   Data           2  main.o(.data)
    pulse3_we_need                           0x2000000a   Data           2  main.o(.data)
    arr1                                     0x2000000c   Data           2  main.o(.data)
    psc1                                     0x2000000e   Data           2  main.o(.data)
    arr2                                     0x20000010   Data           2  main.o(.data)
    psc2                                     0x20000012   Data           2  main.o(.data)
    arr3                                     0x20000014   Data           2  main.o(.data)
    psc3                                     0x20000016   Data           2  main.o(.data)
    arr4                                     0x20000018   Data           2  main.o(.data)
    psc4                                     0x2000001a   Data           2  main.o(.data)
    low                                      0x2000001c   Data           4  main.o(.data)
    high_all                                 0x20000020   Data           4  main.o(.data)
    rot                                      0x20000024   Data           4  main.o(.data)
    SystemCoreClock                          0x20000028   Data           4  system_stm32f1xx.o(.data)
    msg_key                                  0x2000002c   Data           4  uc-os2_demo.o(.data)
    sem_beep                                 0x20000030   Data           4  uc-os2_demo.o(.data)
    chinese_char                             0x20000034   Data         224  uc-os2_demo.o(.data)
    per_angle                                0x20000118   Data           4  trans.o(.data)
    high                                     0x2000011c   Data           4  trans.o(.data)
    xmm                                      0x20000120   Data           4  trans.o(.data)
    ymm                                      0x20000124   Data           4  trans.o(.data)
    zmm                                      0x20000128   Data           4  trans.o(.data)
    angle1_tran                              0x2000012c   Data           4  trans.o(.data)
    angle2_tran                              0x20000130   Data           4  trans.o(.data)
    angle3_tran                              0x20000134   Data           4  trans.o(.data)
    dma_tx_complete                          0x2000013e   Data           1  dma.o(.data)
    g_uart4_rx_buffer                        0x2000013f   Data           1  dma.o(.data)
    g_rx_buffer                              0x20000140   Data           1  usart.o(.data)
    rx_data                                  0x20000141   Data           1  usart.o(.data)
    g_usart2_rx_buffer                       0x20000142   Data           1  usart.o(.data)
    g_usart3_rx_buffer                       0x20000143   Data           1  usart.o(.data)
    rx3_data                                 0x20000144   Data           1  usart.o(.data)
    g_usart2_rx_sta                          0x20000146   Data           2  usart.o(.data)
    __stdout                                 0x2000014c   Data           4  usart.o(.data)
    uwTickFreq                               0x20000158   Data           1  stm32f1xx_hal.o(.data)
    uwTickPrio                               0x2000015c   Data           4  stm32f1xx_hal.o(.data)
    uwTick                                   0x20000160   Data           4  stm32f1xx_hal.o(.data)
    OS_CPU_ExceptStkBase                     0x20000168   Data           4  os_cpu_c.o(.data)
    OS_KA_BASEPRI_Boundary                   0x2000016c   Data           4  os_cpu_c.o(.data)
    OSCPUUsage                               0x20000170   Data           1  os_core.o(.data)
    OSStatRdy                                0x20000171   Data           1  os_core.o(.data)
    OSIntNesting                             0x20000172   Data           1  os_core.o(.data)
    OSLockNesting                            0x20000173   Data           1  os_core.o(.data)
    OSPrioCur                                0x20000174   Data           1  os_core.o(.data)
    OSPrioHighRdy                            0x20000175   Data           1  os_core.o(.data)
    OSRdyGrp                                 0x20000176   Data           1  os_core.o(.data)
    OSRunning                                0x20000177   Data           1  os_core.o(.data)
    OSTaskCtr                                0x20000178   Data           1  os_core.o(.data)
    OSTickStepState                          0x20000179   Data           1  os_core.o(.data)
    OSTaskRegNextAvailID                     0x2000017a   Data           1  os_core.o(.data)
    OSCtxSwCtr                               0x2000017c   Data           4  os_core.o(.data)
    OSEventFreeList                          0x20000180   Data           4  os_core.o(.data)
    OSIdleCtrMax                             0x20000184   Data           4  os_core.o(.data)
    OSIdleCtrRun                             0x20000188   Data           4  os_core.o(.data)
    OSIdleCtr                                0x2000018c   Data           4  os_core.o(.data)
    OSTCBCur                                 0x20000190   Data           4  os_core.o(.data)
    OSTCBFreeList                            0x20000194   Data           4  os_core.o(.data)
    OSTCBHighRdy                             0x20000198   Data           4  os_core.o(.data)
    OSTCBList                                0x2000019c   Data           4  os_core.o(.data)
    OSTime                                   0x200001a0   Data           4  os_core.o(.data)
    OSRdyTbl                                 0x200001a4   Data           8  os_core.o(.data)
    OSFlagFreeList                           0x200001ac   Data           4  os_core.o(.data)
    OSMemFreeList                            0x200001b0   Data           4  os_core.o(.data)
    OSQFreeList                              0x200001b4   Data           4  os_core.o(.data)
    OSTmrFree                                0x200001b8   Data           2  os_core.o(.data)
    OSTmrUsed                                0x200001ba   Data           2  os_core.o(.data)
    OSTmrTime                                0x200001bc   Data           4  os_core.o(.data)
    OSTmrSem                                 0x200001c0   Data           4  os_core.o(.data)
    OSTmrSemSignal                           0x200001c4   Data           4  os_core.o(.data)
    OSTmrFreeList                            0x200001c8   Data           4  os_core.o(.data)
    BEGIN_TASK_STK                           0x200001d4   Data         512  uc-os2_demo.o(.bss)
    START_TASK_STK                           0x200003d4   Data         512  uc-os2_demo.o(.bss)
    RELAY_TASK_STK                           0x200005d4   Data         512  uc-os2_demo.o(.bss)
    DIS_TASK_STK                             0x200007d4   Data         512  uc-os2_demo.o(.bss)
    MAIN_TASK_STK                            0x200009d4   Data        2048  uc-os2_demo.o(.bss)
    g_rtc_handle                             0x200011d4   Data          20  rtc.o(.bss)
    calendar                                 0x200011e8   Data          10  rtc.o(.bss)
    g_timx1_handle                           0x200011f4   Data          72  gtim.o(.bss)
    g_timx2_handle                           0x2000123c   Data          72  gtim.o(.bss)
    g_timx3_handle                           0x20001284   Data          72  gtim.o(.bss)
    g_timx4_handle                           0x200012cc   Data          72  gtim.o(.bss)
    g_uart4_handle                           0x20001714   Data          64  dma.o(.bss)
    g_dma_handle                             0x20001754   Data          68  dma.o(.bss)
    g_sendbuf                                0x20001798   Data         256  dma.o(.bss)
    g_uart1_handle                           0x20001a98   Data          64  usart.o(.bss)
    g_uart2_handle                           0x20001ad8   Data          64  usart.o(.bss)
    g_uart3_handle                           0x20001b18   Data          64  usart.o(.bss)
    OS_CPU_ExceptStk                         0x20001b58   Data        1024  os_cpu_c.o(.bss)
    OSEventTbl                               0x20001f58   Data         240  os_core.o(.bss)
    OSTaskStatStk                            0x20002048   Data         512  os_core.o(.bss)
    OSTaskIdleStk                            0x20002248   Data         512  os_core.o(.bss)
    OSTCBPrioTbl                             0x20002448   Data         256  os_core.o(.bss)
    OSTCBTbl                                 0x20002548   Data        2024  os_core.o(.bss)
    OSFlagTbl                                0x20002d30   Data          80  os_core.o(.bss)
    OSMemTbl                                 0x20002d80   Data         120  os_core.o(.bss)
    OSQTbl                                   0x20002df8   Data          96  os_core.o(.bss)
    OSTmrTbl                                 0x20002e58   Data         640  os_core.o(.bss)
    OSTmrTaskStk                             0x200030d8   Data         512  os_core.o(.bss)
    OSTmrWheelTbl                            0x200032d8   Data          64  os_core.o(.bss)
    __initial_sp                             0x20003718   Data           0  startup_stm32f103xe.o(STACK)



==============================================================================

Memory Map of the image

  Image Entry point : 0x08000131

  Load Region LR_IROM1 (Base: 0x08000000, Size: 0x00008f64, Max: 0x00080000, ABSOLUTE, COMPRESSED[0x00008e74])

    Execution Region ER_IROM1 (Exec base: 0x08000000, Load base: 0x08000000, Size: 0x00008d90, Max: 0x00080000, ABSOLUTE)

    Exec Addr    Load Addr    Size         Type   Attr      Idx    E Section Name        Object

    0x08000000   0x08000000   0x00000130   Data   RO            3    RESET               startup_stm32f103xe.o
    0x08000130   0x08000130   0x00000000   Code   RO         8078  * .ARM.Collect$$$$00000000  mc_w.l(entry.o)
    0x08000130   0x08000130   0x00000004   Code   RO         8421    .ARM.Collect$$$$00000001  mc_w.l(entry2.o)
    0x08000134   0x08000134   0x00000004   Code   RO         8424    .ARM.Collect$$$$00000004  mc_w.l(entry5.o)
    0x08000138   0x08000138   0x00000000   Code   RO         8426    .ARM.Collect$$$$00000008  mc_w.l(entry7b.o)
    0x08000138   0x08000138   0x00000000   Code   RO         8428    .ARM.Collect$$$$0000000A  mc_w.l(entry8b.o)
    0x08000138   0x08000138   0x00000008   Code   RO         8429    .ARM.Collect$$$$0000000B  mc_w.l(entry9a.o)
    0x08000140   0x08000140   0x00000004   Code   RO         8436    .ARM.Collect$$$$0000000E  mc_w.l(entry12b.o)
    0x08000144   0x08000144   0x00000000   Code   RO         8431    .ARM.Collect$$$$0000000F  mc_w.l(entry10a.o)
    0x08000144   0x08000144   0x00000000   Code   RO         8433    .ARM.Collect$$$$00000011  mc_w.l(entry11a.o)
    0x08000144   0x08000144   0x00000004   Code   RO         8422    .ARM.Collect$$$$00002712  mc_w.l(entry2.o)
    0x08000148   0x08000148   0x00000024   Code   RO            4    .text               startup_stm32f103xe.o
    0x0800016c   0x0800016c   0x00000114   Code   RO         7109    .text               os_cpu_a.o
    0x08000280   0x08000280   0x00000020   Code   RO         8081    .text               mc_w.l(llushr.o)
    0x080002a0   0x080002a0   0x00000024   Code   RO         8085    .text               mc_w.l(memseta.o)
    0x080002c4   0x080002c4   0x0000000e   Code   RO         8089    .text               mc_w.l(strlen.o)
    0x080002d2   0x080002d2   0x0000001e   Code   RO         8091    .text               mc_w.l(strncmp.o)
    0x080002f0   0x080002f0   0x00000044   Code   RO         8093    .text               mc_w.l(strtok.o)
    0x08000334   0x08000334   0x000000b0   Code   RO         8362    .text               mf_w.l(fadd.o)
    0x080003e4   0x080003e4   0x00000064   Code   RO         8364    .text               mf_w.l(fmul.o)
    0x08000448   0x08000448   0x0000007c   Code   RO         8366    .text               mf_w.l(fdiv.o)
    0x080004c4   0x080004c4   0x00000018   Code   RO         8368    .text               mf_w.l(fscalb.o)
    0x080004dc   0x080004dc   0x0000014e   Code   RO         8370    .text               mf_w.l(dadd.o)
    0x0800062a   0x0800062a   0x000000de   Code   RO         8372    .text               mf_w.l(ddiv.o)
    0x08000708   0x08000708   0x0000002e   Code   RO         8374    .text               mf_w.l(dscalb.o)
    0x08000736   0x08000736   0x0000000a   Code   RO         8376    .text               mf_w.l(ffltui.o)
    0x08000740   0x08000740   0x0000001a   Code   RO         8378    .text               mf_w.l(dfltui.o)
    0x0800075a   0x0800075a   0x00000028   Code   RO         8380    .text               mf_w.l(ffixui.o)
    0x08000782   0x08000782   0x00000032   Code   RO         8382    .text               mf_w.l(dfixui.o)
    0x080007b4   0x080007b4   0x00000026   Code   RO         8384    .text               mf_w.l(f2d.o)
    0x080007da   0x080007da   0x00000002   PAD
    0x080007dc   0x080007dc   0x00000030   Code   RO         8386    .text               mf_w.l(cdcmple.o)
    0x0800080c   0x0800080c   0x00000030   Code   RO         8388    .text               mf_w.l(cdrcmple.o)
    0x0800083c   0x0800083c   0x00000038   Code   RO         8390    .text               mf_w.l(d2f.o)
    0x08000874   0x08000874   0x0000002c   Code   RO         8437    .text               mc_w.l(uidiv.o)
    0x080008a0   0x080008a0   0x00000062   Code   RO         8439    .text               mc_w.l(uldiv.o)
    0x08000902   0x08000902   0x0000001e   Code   RO         8441    .text               mc_w.l(llshl.o)
    0x08000920   0x08000920   0x00000024   Code   RO         8443    .text               mc_w.l(llsshr.o)
    0x08000944   0x08000944   0x0000009c   Code   RO         8452    .text               mc_w.l(strtod.o)
    0x080009e0   0x080009e0   0x00000000   Code   RO         8454    .text               mc_w.l(iusefp.o)
    0x080009e0   0x080009e0   0x0000006e   Code   RO         8455    .text               mf_w.l(fepilogue.o)
    0x08000a4e   0x08000a4e   0x000000ba   Code   RO         8457    .text               mf_w.l(depilogue.o)
    0x08000b08   0x08000b08   0x000000e4   Code   RO         8459    .text               mf_w.l(dmul.o)
    0x08000bec   0x08000bec   0x000000a2   Code   RO         8461    .text               mf_w.l(dsqrt.o)
    0x08000c8e   0x08000c8e   0x00000086   Code   RO         8463    .text               mf_w.l(drem.o)
    0x08000d14   0x08000d14   0x00000030   Code   RO         8465    .text               mf_w.l(dfixul.o)
    0x08000d44   0x08000d44   0x00000024   Code   RO         8467    .text               mc_w.l(init.o)
    0x08000d68   0x08000d68   0x0000000a   Code   RO         8469    .text               mc_w.l(isspace_c.o)
    0x08000d72   0x08000d72   0x00000002   PAD
    0x08000d74   0x08000d74   0x00000360   Code   RO         8471    .text               mc_w.l(scanf_fp.o)
    0x080010d4   0x080010d4   0x00000040   Code   RO         8475    .text               mc_w.l(_sgetc.o)
    0x08001114   0x08001114   0x00000028   Code   RO         8477    .text               mc_w.l(ctype_c.o)
    0x0800113c   0x0800113c   0x00000018   Code   RO         8480    .text               mf_w.l(dfltul.o)
    0x08001154   0x08001154   0x00000056   Code   RO         8490    .text               mc_w.l(__dczerorl2.o)
    0x080011aa   0x080011aa   0x00000002   Code   RO         7055    i.App_TCBInitHook   app_hooks.o
    0x080011ac   0x080011ac   0x00000002   Code   RO         7056    i.App_TaskCreateHook  app_hooks.o
    0x080011ae   0x080011ae   0x00000002   Code   RO         7057    i.App_TaskDelHook   app_hooks.o
    0x080011b0   0x080011b0   0x00000002   Code   RO         7058    i.App_TaskIdleHook  app_hooks.o
    0x080011b2   0x080011b2   0x00000002   Code   RO         7059    i.App_TaskReturnHook  app_hooks.o
    0x080011b4   0x080011b4   0x00000002   Code   RO         7060    i.App_TaskStatHook  app_hooks.o
    0x080011b6   0x080011b6   0x00000002   Code   RO         7061    i.App_TaskSwHook    app_hooks.o
    0x080011b8   0x080011b8   0x00000002   Code   RO         7062    i.App_TimeTickHook  app_hooks.o
    0x080011ba   0x080011ba   0x00000002   Code   RO          315    i.BusFault_Handler  stm32f1xx_it.o
    0x080011bc   0x080011bc   0x00000002   Code   RO          316    i.DebugMon_Handler  stm32f1xx_it.o
    0x080011be   0x080011be   0x00000002   PAD
    0x080011c0   0x080011c0   0x00000088   Code   RO          646    i.Dir_init          dir.o
    0x08001248   0x08001248   0x00000150   Code   RO         2077    i.HAL_DMA_Abort_IT  stm32f1xx_hal_dma.o
    0x08001398   0x08001398   0x00000080   Code   RO         2082    i.HAL_DMA_Init      stm32f1xx_hal_dma.o
    0x08001418   0x08001418   0x00000214   Code   RO         2477    i.HAL_GPIO_Init     stm32f1xx_hal_gpio.o
    0x0800162c   0x0800162c   0x0000000e   Code   RO         2479    i.HAL_GPIO_ReadPin  stm32f1xx_hal_gpio.o
    0x0800163a   0x0800163a   0x00000010   Code   RO         2480    i.HAL_GPIO_TogglePin  stm32f1xx_hal_gpio.o
    0x0800164a   0x0800164a   0x0000000e   Code   RO         2481    i.HAL_GPIO_WritePin  stm32f1xx_hal_gpio.o
    0x08001658   0x08001658   0x0000000c   Code   RO         1795    i.HAL_GetTick       stm32f1xx_hal.o
    0x08001664   0x08001664   0x00000010   Code   RO         1801    i.HAL_IncTick       stm32f1xx_hal.o
    0x08001674   0x08001674   0x00000024   Code   RO         1802    i.HAL_Init          stm32f1xx_hal.o
    0x08001698   0x08001698   0x00000044   Code   RO         1803    i.HAL_InitTick      stm32f1xx_hal.o
    0x080016dc   0x080016dc   0x00000002   Code   RO         1805    i.HAL_MspInit       stm32f1xx_hal.o
    0x080016de   0x080016de   0x00000022   Code   RO         1959    i.HAL_NVIC_DisableIRQ  stm32f1xx_hal_cortex.o
    0x08001700   0x08001700   0x0000001a   Code   RO         1960    i.HAL_NVIC_EnableIRQ  stm32f1xx_hal_cortex.o
    0x0800171a   0x0800171a   0x00000002   PAD
    0x0800171c   0x0800171c   0x00000040   Code   RO         1966    i.HAL_NVIC_SetPriority  stm32f1xx_hal_cortex.o
    0x0800175c   0x0800175c   0x00000024   Code   RO         1967    i.HAL_NVIC_SetPriorityGrouping  stm32f1xx_hal_cortex.o
    0x08001780   0x08001780   0x00000154   Code   RO         2332    i.HAL_RCC_ClockConfig  stm32f1xx_hal_rcc.o
    0x080018d4   0x080018d4   0x0000000c   Code   RO         2337    i.HAL_RCC_GetHCLKFreq  stm32f1xx_hal_rcc.o
    0x080018e0   0x080018e0   0x00000020   Code   RO         2339    i.HAL_RCC_GetPCLK1Freq  stm32f1xx_hal_rcc.o
    0x08001900   0x08001900   0x00000020   Code   RO         2340    i.HAL_RCC_GetPCLK2Freq  stm32f1xx_hal_rcc.o
    0x08001920   0x08001920   0x00000074   Code   RO         2341    i.HAL_RCC_GetSysClockFreq  stm32f1xx_hal_rcc.o
    0x08001994   0x08001994   0x00000384   Code   RO         2344    i.HAL_RCC_OscConfig  stm32f1xx_hal_rcc.o
    0x08001d18   0x08001d18   0x00000028   Code   RO         1971    i.HAL_SYSTICK_Config  stm32f1xx_hal_cortex.o
    0x08001d40   0x08001d40   0x0000004a   Code   RO         3400    i.HAL_TIM_Base_Init  stm32f1xx_hal_tim.o
    0x08001d8a   0x08001d8a   0x00000002   Code   RO         3402    i.HAL_TIM_Base_MspInit  stm32f1xx_hal_tim.o
    0x08001d8c   0x08001d8c   0x00000078   Code   RO         3405    i.HAL_TIM_Base_Start_IT  stm32f1xx_hal_tim.o
    0x08001e04   0x08001e04   0x00000002   Code   RO         2561    i.HAL_UART_ErrorCallback  stm32f1xx_hal_uart.o
    0x08001e06   0x08001e06   0x00000002   PAD
    0x08001e08   0x08001e08   0x00000114   Code   RO         2564    i.HAL_UART_IRQHandler  stm32f1xx_hal_uart.o
    0x08001f1c   0x08001f1c   0x00000064   Code   RO         2565    i.HAL_UART_Init     stm32f1xx_hal_uart.o
    0x08001f80   0x08001f80   0x0000008c   Code   RO         1473    i.HAL_UART_MspInit  usart.o
    0x0800200c   0x0800200c   0x00000056   Code   RO         2570    i.HAL_UART_Receive_IT  stm32f1xx_hal_uart.o
    0x08002062   0x08002062   0x00000002   PAD
    0x08002064   0x08002064   0x000000e4   Code   RO         1474    i.HAL_UART_RxCpltCallback  usart.o
    0x08002148   0x08002148   0x000000be   Code   RO         2573    i.HAL_UART_Transmit  stm32f1xx_hal_uart.o
    0x08002206   0x08002206   0x00000002   PAD
    0x08002208   0x08002208   0x00000018   Code   RO         1383    i.HAL_UART_TxCpltCallback  dma.o
    0x08002220   0x08002220   0x00000002   Code   RO          317    i.HardFault_Handler  stm32f1xx_it.o
    0x08002222   0x08002222   0x00000002   Code   RO          318    i.MemManage_Handler  stm32f1xx_it.o
    0x08002224   0x08002224   0x00000002   Code   RO          319    i.NMI_Handler       stm32f1xx_it.o
    0x08002226   0x08002226   0x0000003a   Code   RO         1029    i.OLED_WR_Byte      oled.o
    0x08002260   0x08002260   0x00000002   Code   RO         7112    i.OSDebugInit       os_dbg.o
    0x08002262   0x08002262   0x00000002   PAD
    0x08002264   0x08002264   0x00000054   Code   RO         7230    i.OSEventNameSet    os_core.o
    0x080022b8   0x080022b8   0x0000003a   Code   RO         7232    i.OSInit            os_core.o
    0x080022f2   0x080022f2   0x00000002   PAD
    0x080022f4   0x080022f4   0x00000030   Code   RO         7128    i.OSInitHookBegin   os_cpu_c.o
    0x08002324   0x08002324   0x00000002   Code   RO         7129    i.OSInitHookEnd     os_cpu_c.o
    0x08002326   0x08002326   0x00000002   PAD
    0x08002328   0x08002328   0x00000018   Code   RO         7233    i.OSIntEnter        os_core.o
    0x08002340   0x08002340   0x0000005c   Code   RO         7234    i.OSIntExit         os_core.o
    0x0800239c   0x0800239c   0x0000004c   Code   RO         7538    i.OSMboxCreate      os_mbox.o
    0x080023e8   0x080023e8   0x0000002c   Code   RO         7235    i.OSSchedLock       os_core.o
    0x08002414   0x08002414   0x0000004c   Code   RO         7236    i.OSSchedUnlock     os_core.o
    0x08002460   0x08002460   0x0000004c   Code   RO         7759    i.OSSemCreate       os_sem.o
    0x080024ac   0x080024ac   0x000000d0   Code   RO         7761    i.OSSemPend         os_sem.o
    0x0800257c   0x0800257c   0x0000005e   Code   RO         7763    i.OSSemPost         os_sem.o
    0x080025da   0x080025da   0x00000002   PAD
    0x080025dc   0x080025dc   0x00000030   Code   RO         7237    i.OSStart           os_core.o
    0x0800260c   0x0800260c   0x00000038   Code   RO         7238    i.OSStatInit        os_core.o
    0x08002644   0x08002644   0x00000004   Code   RO         7130    i.OSTCBInitHook     os_cpu_c.o
    0x08002648   0x08002648   0x000000a8   Code   RO         7814    i.OSTaskCreateExt   os_task.o
    0x080026f0   0x080026f0   0x00000004   Code   RO         7131    i.OSTaskCreateHook  os_cpu_c.o
    0x080026f4   0x080026f4   0x00000154   Code   RO         7815    i.OSTaskDel         os_task.o
    0x08002848   0x08002848   0x00000004   Code   RO         7132    i.OSTaskDelHook     os_cpu_c.o
    0x0800284c   0x0800284c   0x00000004   Code   RO         7133    i.OSTaskIdleHook    os_cpu_c.o
    0x08002850   0x08002850   0x0000007c   Code   RO         7818    i.OSTaskNameSet     os_task.o
    0x080028cc   0x080028cc   0x00000004   Code   RO         7134    i.OSTaskReturnHook  os_cpu_c.o
    0x080028d0   0x080028d0   0x00000004   Code   RO         7135    i.OSTaskStatHook    os_cpu_c.o
    0x080028d4   0x080028d4   0x00000090   Code   RO         7824    i.OSTaskStkChk      os_task.o
    0x08002964   0x08002964   0x0000006c   Code   RO         7136    i.OSTaskStkInit     os_cpu_c.o
    0x080029d0   0x080029d0   0x000000ac   Code   RO         7825    i.OSTaskSuspend     os_task.o
    0x08002a7c   0x08002a7c   0x00000004   Code   RO         7137    i.OSTaskSwHook      os_cpu_c.o
    0x08002a80   0x08002a80   0x00000064   Code   RO         7914    i.OSTimeDly         os_time.o
    0x08002ae4   0x08002ae4   0x000000b4   Code   RO         7239    i.OSTimeTick        os_core.o
    0x08002b98   0x08002b98   0x00000028   Code   RO         7138    i.OSTimeTickHook    os_cpu_c.o
    0x08002bc0   0x08002bc0   0x0000000c   Code   RO         7954    i.OSTmrSignal       os_tmr.o
    0x08002bcc   0x08002bcc   0x000000e4   Code   RO         7960    i.OSTmr_Init        os_tmr.o
    0x08002cb0   0x08002cb0   0x00000050   Code   RO         7961    i.OSTmr_InitTask    os_tmr.o
    0x08002d00   0x08002d00   0x0000005c   Code   RO         7962    i.OSTmr_Link        os_tmr.o
    0x08002d5c   0x08002d5c   0x00000078   Code   RO         7963    i.OSTmr_Task        os_tmr.o
    0x08002dd4   0x08002dd4   0x00000040   Code   RO         7964    i.OSTmr_Unlink      os_tmr.o
    0x08002e14   0x08002e14   0x00000020   Code   RO         7139    i.OS_CPU_SysTickHandler  os_cpu_c.o
    0x08002e34   0x08002e34   0x0000002c   Code   RO         7140    i.OS_CPU_SysTickInit  os_cpu_c.o
    0x08002e60   0x08002e60   0x00000002   Code   RO         7241    i.OS_Dummy          os_core.o
    0x08002e62   0x08002e62   0x00000002   PAD
    0x08002e64   0x08002e64   0x00000074   Code   RO         7242    i.OS_EventTaskRdy   os_core.o
    0x08002ed8   0x08002ed8   0x00000026   Code   RO         7243    i.OS_EventTaskRemove  os_core.o
    0x08002efe   0x08002efe   0x00000028   Code   RO         7244    i.OS_EventTaskRemoveMulti  os_core.o
    0x08002f26   0x08002f26   0x00000002   PAD
    0x08002f28   0x08002f28   0x0000004c   Code   RO         7245    i.OS_EventTaskWait  os_core.o
    0x08002f74   0x08002f74   0x00000014   Code   RO         7247    i.OS_EventWaitListInit  os_core.o
    0x08002f88   0x08002f88   0x00000048   Code   RO         7465    i.OS_FlagInit       os_flag.o
    0x08002fd0   0x08002fd0   0x00000022   Code   RO         7467    i.OS_FlagUnlink     os_flag.o
    0x08002ff2   0x08002ff2   0x00000002   PAD
    0x08002ff4   0x08002ff4   0x00000058   Code   RO         7248    i.OS_InitEventList  os_core.o
    0x0800304c   0x0800304c   0x00000020   Code   RO         7249    i.OS_InitMisc       os_core.o
    0x0800306c   0x0800306c   0x00000024   Code   RO         7250    i.OS_InitRdyList    os_core.o
    0x08003090   0x08003090   0x00000070   Code   RO         7251    i.OS_InitTCBList    os_core.o
    0x08003100   0x08003100   0x00000050   Code   RO         7252    i.OS_InitTaskIdle   os_core.o
    0x08003150   0x08003150   0x00000050   Code   RO         7253    i.OS_InitTaskStat   os_core.o
    0x080031a0   0x080031a0   0x00000012   Code   RO         7254    i.OS_MemClr         os_core.o
    0x080031b2   0x080031b2   0x00000002   PAD
    0x080031b4   0x080031b4   0x00000050   Code   RO         7597    i.OS_MemInit        os_mem.o
    0x08003204   0x08003204   0x00000048   Code   RO         7696    i.OS_QInit          os_q.o
    0x0800324c   0x0800324c   0x0000004c   Code   RO         7256    i.OS_Sched          os_core.o
    0x08003298   0x08003298   0x00000020   Code   RO         7257    i.OS_SchedNew       os_core.o
    0x080032b8   0x080032b8   0x00000104   Code   RO         7259    i.OS_TCBInit        os_core.o
    0x080033bc   0x080033bc   0x0000001c   Code   RO         7260    i.OS_TaskIdle       os_core.o
    0x080033d8   0x080033d8   0x00000018   Code   RO         7826    i.OS_TaskReturn     os_task.o
    0x080033f0   0x080033f0   0x0000008c   Code   RO         7261    i.OS_TaskStat       os_core.o
    0x0800347c   0x0800347c   0x00000038   Code   RO         7262    i.OS_TaskStatStkChk  os_core.o
    0x080034b4   0x080034b4   0x00000016   Code   RO         7827    i.OS_TaskStkClr     os_task.o
    0x080034ca   0x080034ca   0x00000002   PAD
    0x080034cc   0x080034cc   0x0000005c   Code   RO          647    i.Pulse_init        dir.o
    0x08003528   0x08003528   0x00000024   Code   RO         2345    i.RCC_Delay         stm32f1xx_hal_rcc.o
    0x0800354c   0x0800354c   0x00000078   Code   RO          681    i.RTC_IRQHandler    rtc.o
    0x080035c4   0x080035c4   0x0000009c   Code   RO         1156    i.STEPmoter_init    littlemoter.o
    0x08003660   0x08003660   0x00000002   Code   RO          320    i.SVC_Handler       stm32f1xx_it.o
    0x08003662   0x08003662   0x00000002   PAD
    0x08003664   0x08003664   0x0000001c   Code   RO         1640    i.SysTick_Handler   delay.o
    0x08003680   0x08003680   0x00000002   Code   RO          278    i.SystemInit        system_stm32f1xx.o
    0x08003682   0x08003682   0x00000002   PAD
    0x08003684   0x08003684   0x00000044   Code   RO          817    i.TIM2_IRQHandler   gtim.o
    0x080036c8   0x080036c8   0x00000044   Code   RO          818    i.TIM3_IRQHandler   gtim.o
    0x0800370c   0x0800370c   0x00000028   Code   RO          819    i.TIM4_IRQHandler   gtim.o
    0x08003734   0x08003734   0x00000044   Code   RO          820    i.TIM5_IRQHandler   gtim.o
    0x08003778   0x08003778   0x00000090   Code   RO         3493    i.TIM_Base_SetConfig  stm32f1xx_hal_tim.o
    0x08003808   0x08003808   0x00000020   Code   RO         1477    i.UART2_SendString  usart.o
    0x08003828   0x08003828   0x0000000c   Code   RO         1384    i.UART4_IRQHandler  dma.o
    0x08003834   0x08003834   0x00000020   Code   RO         1385    i.UART4_SendString  dma.o
    0x08003854   0x08003854   0x00000010   Code   RO         2578    i.UART_DMAAbortOnError  stm32f1xx_hal_uart.o
    0x08003864   0x08003864   0x0000001c   Code   RO         2588    i.UART_EndRxTransfer  stm32f1xx_hal_uart.o
    0x08003880   0x08003880   0x0000001a   Code   RO         2589    i.UART_EndTransmit_IT  stm32f1xx_hal_uart.o
    0x0800389a   0x0800389a   0x00000092   Code   RO         2591    i.UART_Receive_IT   stm32f1xx_hal_uart.o
    0x0800392c   0x0800392c   0x000000b8   Code   RO         2592    i.UART_SetConfig    stm32f1xx_hal_uart.o
    0x080039e4   0x080039e4   0x0000005e   Code   RO         2593    i.UART_Transmit_IT  stm32f1xx_hal_uart.o
    0x08003a42   0x08003a42   0x00000064   Code   RO         2594    i.UART_WaitOnFlagUntilTimeout  stm32f1xx_hal_uart.o
    0x08003aa6   0x08003aa6   0x00000002   PAD
    0x08003aa8   0x08003aa8   0x00000018   Code   RO         1480    i.USART1_IRQHandler  usart.o
    0x08003ac0   0x08003ac0   0x00000018   Code   RO         1481    i.USART2_IRQHandler  usart.o
    0x08003ad8   0x08003ad8   0x00000018   Code   RO         1482    i.USART3_IRQHandler  usart.o
    0x08003af0   0x08003af0   0x00000002   Code   RO          321    i.UsageFault_Handler  stm32f1xx_it.o
    0x08003af2   0x08003af2   0x00000002   PAD
    0x08003af4   0x08003af4   0x00000020   Code   RO         8334    i.__0printf         mc_w.l(printfa.o)
    0x08003b14   0x08003b14   0x00000028   Code   RO         8336    i.__0sprintf        mc_w.l(printfa.o)
    0x08003b3c   0x08003b3c   0x00000028   Code   RO         8416    i.__ARM_fpclassify  m_ws.l(fpclassify.o)
    0x08003b64   0x08003b64   0x00000020   Code   RO         1973    i.__NVIC_SetPriority  stm32f1xx_hal_cortex.o
    0x08003b84   0x08003b84   0x000000aa   Code   RO         8418    i.__kernel_poly     m_ws.l(poly.o)
    0x08003c2e   0x08003c2e   0x00000006   Code   RO         8403    i.__mathlib_dbl_infnan  m_ws.l(dunder.o)
    0x08003c34   0x08003c34   0x00000004   Code   RO         8404    i.__mathlib_dbl_infnan2  m_ws.l(dunder.o)
    0x08003c38   0x08003c38   0x0000000c   Code   RO         8405    i.__mathlib_dbl_invalid  m_ws.l(dunder.o)
    0x08003c44   0x08003c44   0x00000010   Code   RO         8408    i.__mathlib_dbl_underflow  m_ws.l(dunder.o)
    0x08003c54   0x08003c54   0x0000000c   Code   RO         8446    i.__read_errno      mc_w.l(errno.o)
    0x08003c60   0x08003c60   0x0000000e   Code   RO         8484    i.__scatterload_copy  mc_w.l(handlers.o)
    0x08003c6e   0x08003c6e   0x00000002   Code   RO         8485    i.__scatterload_null  mc_w.l(handlers.o)
    0x08003c70   0x08003c70   0x0000000e   Code   RO         8486    i.__scatterload_zeroinit  mc_w.l(handlers.o)
    0x08003c7e   0x08003c7e   0x00000002   PAD
    0x08003c80   0x08003c80   0x0000000c   Code   RO         8447    i.__set_errno       mc_w.l(errno.o)
    0x08003c8c   0x08003c8c   0x00000184   Code   RO         8341    i._fp_digits        mc_w.l(printfa.o)
    0x08003e10   0x08003e10   0x0000000e   Code   RO         8473    i._is_digit         mc_w.l(scanf_fp.o)
    0x08003e1e   0x08003e1e   0x00000002   PAD
    0x08003e20   0x08003e20   0x000006b4   Code   RO         8342    i._printf_core      mc_w.l(printfa.o)
    0x080044d4   0x080044d4   0x00000024   Code   RO         8343    i._printf_post_padding  mc_w.l(printfa.o)
    0x080044f8   0x080044f8   0x0000002e   Code   RO         8344    i._printf_pre_padding  mc_w.l(printfa.o)
    0x08004526   0x08004526   0x0000000a   Code   RO         8346    i._sputc            mc_w.l(printfa.o)
    0x08004530   0x08004530   0x000000dc   Code   RO         1241    i.angle_to_pulse    trans.o
    0x0800460c   0x0800460c   0x00000240   Code   RO         1242    i.angle_to_pulse_input  trans.o
    0x0800484c   0x0800484c   0x00000270   Code   RO         8041    i.asin              m_ws.l(asin.o)
    0x08004abc   0x08004abc   0x00000220   Code   RO         8393    i.atan              m_ws.l(atan.o)
    0x08004cdc   0x08004cdc   0x0000019c   Code   RO         8051    i.atan2             m_ws.l(atan2.o)
    0x08004e78   0x08004e78   0x0000002a   Code   RO         8059    i.atof              m_ws.l(atof.o)
    0x08004ea2   0x08004ea2   0x00000004   Code   RO          506    i.begin_task        uc-os2_demo.o
    0x08004ea6   0x08004ea6   0x00000002   PAD
    0x08004ea8   0x08004ea8   0x00000200   Code   RO         1243    i.calculate_grad    trans.o
    0x080050a8   0x080050a8   0x000006ec   Code   RO         1486    i.data_analysis     usart.o
    0x08005794   0x08005794   0x00000004   Code   RO         1487    i.data_analysis2    usart.o
    0x08005798   0x08005798   0x0000002c   Code   RO         1641    i.delay_init        delay.o
    0x080057c4   0x080057c4   0x00000048   Code   RO         1642    i.delay_ms          delay.o
    0x0800580c   0x0800580c   0x00000004   Code   RO         1643    i.delay_osschedlock  delay.o
    0x08005810   0x08005810   0x00000004   Code   RO         1644    i.delay_osschedunlock  delay.o
    0x08005814   0x08005814   0x00000004   Code   RO         1645    i.delay_ostimedly   delay.o
    0x08005818   0x08005818   0x00000044   Code   RO         1646    i.delay_us          delay.o
    0x0800585c   0x0800585c   0x00000144   Code   RO         1244    i.direction_choose  trans.o
    0x080059a0   0x080059a0   0x00000048   Code   RO         1351    i.dis_init          distance.o
    0x080059e8   0x080059e8   0x00000004   Code   RO          507    i.dis_task          uc-os2_demo.o
    0x080059ec   0x080059ec   0x00000060   Code   RO         1388    i.dma_gpio_init     dma.o
    0x08005a4c   0x08005a4c   0x00000064   Code   RO         1389    i.dma_init          dma.o
    0x08005ab0   0x08005ab0   0x00000048   Code   RO         1390    i.dma_uart_init     dma.o
    0x08005af8   0x08005af8   0x00000094   Code   RO         8063    i.fmod              m_ws.l(fmod.o)
    0x08005b8c   0x08005b8c   0x00000018   Code   RO         1488    i.fputc             usart.o
    0x08005ba4   0x08005ba4   0x0000004c   Code   RO          821    i.gtim_timx2_int_init  gtim.o
    0x08005bf0   0x08005bf0   0x00000050   Code   RO          822    i.gtim_timx3_int_init  gtim.o
    0x08005c40   0x08005c40   0x00000050   Code   RO          823    i.gtim_timx4_int_init  gtim.o
    0x08005c90   0x08005c90   0x00000050   Code   RO          824    i.gtim_timx_int_init  gtim.o
    0x08005ce0   0x08005ce0   0x000000ac   Code   RO         1489    i.handle_angle_data  usart.o
    0x08005d8c   0x08005d8c   0x00000038   Code   RO          921    i.i2c_end           i2c.o
    0x08005dc4   0x08005dc4   0x00000054   Code   RO          922    i.i2c_gpio_init     i2c.o
    0x08005e18   0x08005e18   0x00000040   Code   RO          923    i.i2c_start         i2c.o
    0x08005e58   0x08005e58   0x00000006   Code   RO          925    i.iic_delay         i2c.o
    0x08005e5e   0x08005e5e   0x00000002   PAD
    0x08005e60   0x08005e60   0x0000005c   Code   RO          928    i.iic_send_byte     i2c.o
    0x08005ebc   0x08005ebc   0x00000058   Code   RO          929    i.iic_wait_ack      i2c.o
    0x08005f14   0x08005f14   0x00000118   Code   RO         1352    i.judge_dis         distance.o
    0x0800602c   0x0800602c   0x00000044   Code   RO          622    i.led_init          led.o
    0x08006070   0x08006070   0x00000090   Code   RO           13    i.main              main.o
    0x08006100   0x08006100   0x000000d4   Code   RO          508    i.main_task         uc-os2_demo.o
    0x080061d4   0x080061d4   0x00000054   Code   RO         1157    i.movemoter         littlemoter.o
    0x08006228   0x08006228   0x00000042   Code   RO         1251    i.normalize_angle   trans.o
    0x0800626a   0x0800626a   0x00000002   PAD
    0x0800626c   0x0800626c   0x0000002c   Code   RO         1033    i.oled_clear        oled.o
    0x08006298   0x08006298   0x00000028   Code   RO         1034    i.oled_clear_little  oled.o
    0x080062c0   0x080062c0   0x00000034   Code   RO         1037    i.oled_draw_point   oled.o
    0x080062f4   0x080062f4   0x000000e6   Code   RO         1038    i.oled_init         oled.o
    0x080063da   0x080063da   0x00000010   Code   RO         1039    i.oled_pow          oled.o
    0x080063ea   0x080063ea   0x00000002   PAD
    0x080063ec   0x080063ec   0x00000048   Code   RO         1040    i.oled_refresh_gram  oled.o
    0x08006434   0x08006434   0x000000c0   Code   RO         1041    i.oled_show_char    oled.o
    0x080064f4   0x080064f4   0x00000070   Code   RO         1043    i.oled_show_chinese_again  oled.o
    0x08006564   0x08006564   0x0000009c   Code   RO         1044    i.oled_show_num     oled.o
    0x08006600   0x08006600   0x0000004e   Code   RO         1045    i.oled_show_string  oled.o
    0x0800664e   0x0800664e   0x00000002   PAD
    0x08006650   0x08006650   0x0000005c   Code   RO          993    i.relay_init        relay.o
    0x080066ac   0x080066ac   0x0000001c   Code   RO          994    i.relay_moter1      relay.o
    0x080066c8   0x080066c8   0x0000001c   Code   RO          995    i.relay_moterstop   relay.o
    0x080066e4   0x080066e4   0x00000004   Code   RO          509    i.relay_task        uc-os2_demo.o
    0x080066e8   0x080066e8   0x000000f8   Code   RO          683    i.rtc_get_time      rtc.o
    0x080067e0   0x080067e0   0x00000048   Code   RO          684    i.rtc_get_week      rtc.o
    0x08006828   0x08006828   0x00000026   Code   RO          686    i.rtc_is_leap_year  rtc.o
    0x0800684e   0x0800684e   0x00000002   PAD
    0x08006850   0x08006850   0x000004a0   Code   RO          890    i.speed_change      speed.o
    0x08006cf0   0x08006cf0   0x0000004c   Code   RO         8071    i.sqrt              m_ws.l(sqrt.o)
    0x08006d3c   0x08006d3c   0x00000040   Code   RO         1206    i.start_init        start.o
    0x08006d7c   0x08006d7c   0x000000e4   Code   RO          510    i.start_task        uc-os2_demo.o
    0x08006e60   0x08006e60   0x0000016c   Code   RO         1159    i.startmoter        littlemoter.o
    0x08006fcc   0x08006fcc   0x00000038   Code   RO         1160    i.stopmoter         littlemoter.o
    0x08007004   0x08007004   0x00000056   Code   RO         1717    i.sys_stm32_clock_init  sys.o
    0x0800705a   0x0800705a   0x00000002   PAD
    0x0800705c   0x0800705c   0x00000024   Code   RO         1253    i.trans_init        trans.o
    0x08007080   0x08007080   0x0000003c   Code   RO          511    i.uc_os2_demo       uc-os2_demo.o
    0x080070bc   0x080070bc   0x00000130   Code   RO          512    i.ucos_load_main_ui  uc-os2_demo.o
    0x080071ec   0x080071ec   0x00000090   Code   RO         1491    i.usart2_init       usart.o
    0x0800727c   0x0800727c   0x000000b0   Code   RO         1492    i.usart3_init       usart.o
    0x0800732c   0x0800732c   0x00000038   Code   RO         1493    i.usart_init        usart.o
    0x08007364   0x08007364   0x00000010   Data   RO          279    .constdata          system_stm32f1xx.o
    0x08007374   0x08007374   0x00000008   Data   RO          280    .constdata          system_stm32f1xx.o
    0x0800737c   0x0800737c   0x000017c0   Data   RO         1047    .constdata          oled.o
    0x08008b3c   0x08008b3c   0x00000100   Data   RO         7270    .constdata          os_core.o
    0x08008c3c   0x08008c3c   0x00000004   PAD
    0x08008c40   0x08008c40   0x00000050   Data   RO         8042    .constdata          m_ws.l(asin.o)
    0x08008c90   0x08008c90   0x00000098   Data   RO         8394    .constdata          m_ws.l(atan.o)
    0x08008d28   0x08008d28   0x00000008   Data   RO         8420    .constdata          m_ws.l(qnan.o)
    0x08008d30   0x08008d30   0x00000040   Data   RO         8478    .constdata          mc_w.l(ctype_c.o)
    0x08008d70   0x08008d70   0x00000020   Data   RO         8482    Region$$Table       anon$$obj.o


    Execution Region RW_IRAM1 (Exec base: 0x20000000, Load base: 0x08008d90, Size: 0x00003718, Max: 0x00010000, ABSOLUTE, COMPRESSED[0x000000e4])

    Exec Addr    Load Addr    Size         Type   Attr      Idx    E Section Name        Object

    0x20000000   COMPRESSED   0x00000002   Data   RW           14    .data               main.o
    0x20000002   COMPRESSED   0x00000002   Data   RW           15    .data               main.o
    0x20000004   COMPRESSED   0x00000002   Data   RW           16    .data               main.o
    0x20000006   COMPRESSED   0x00000002   Data   RW           17    .data               main.o
    0x20000008   COMPRESSED   0x00000002   Data   RW           18    .data               main.o
    0x2000000a   COMPRESSED   0x00000002   Data   RW           19    .data               main.o
    0x2000000c   COMPRESSED   0x00000010   Data   RW           20    .data               main.o
    0x2000001c   COMPRESSED   0x00000004   Data   RW           21    .data               main.o
    0x20000020   COMPRESSED   0x00000004   Data   RW           22    .data               main.o
    0x20000024   COMPRESSED   0x00000004   Data   RW           23    .data               main.o
    0x20000028   COMPRESSED   0x00000004   Data   RW          281    .data               system_stm32f1xx.o
    0x2000002c   COMPRESSED   0x000000e8   Data   RW          514    .data               uc-os2_demo.o
    0x20000114   COMPRESSED   0x00000002   Data   RW          692    .data               rtc.o
    0x20000116   COMPRESSED   0x00000002   PAD
    0x20000118   COMPRESSED   0x00000020   Data   RW         1254    .data               trans.o
    0x20000138   COMPRESSED   0x00000006   Data   RW         1353    .data               distance.o
    0x2000013e   COMPRESSED   0x00000002   Data   RW         1392    .data               dma.o
    0x20000140   COMPRESSED   0x0000000a   Data   RW         1501    .data               usart.o
    0x2000014a   COMPRESSED   0x00000002   PAD
    0x2000014c   COMPRESSED   0x00000004   Data   RW         1505    .data               usart.o
    0x20000150   COMPRESSED   0x00000008   Data   RW         1647    .data               delay.o
    0x20000158   COMPRESSED   0x0000000c   Data   RW         1809    .data               stm32f1xx_hal.o
    0x20000164   COMPRESSED   0x0000000c   Data   RW         7143    .data               os_cpu_c.o
    0x20000170   COMPRESSED   0x0000003c   Data   RW         7271    .data               os_core.o
    0x200001ac   COMPRESSED   0x00000004   Data   RW         7272    .data               os_core.o
    0x200001b0   COMPRESSED   0x00000004   Data   RW         7273    .data               os_core.o
    0x200001b4   COMPRESSED   0x00000004   Data   RW         7274    .data               os_core.o
    0x200001b8   COMPRESSED   0x00000002   Data   RW         7275    .data               os_core.o
    0x200001ba   COMPRESSED   0x00000002   Data   RW         7276    .data               os_core.o
    0x200001bc   COMPRESSED   0x00000004   Data   RW         7277    .data               os_core.o
    0x200001c0   COMPRESSED   0x00000004   Data   RW         7278    .data               os_core.o
    0x200001c4   COMPRESSED   0x00000004   Data   RW         7279    .data               os_core.o
    0x200001c8   COMPRESSED   0x00000004   Data   RW         7280    .data               os_core.o
    0x200001cc   COMPRESSED   0x00000004   Data   RW         8094    .data               mc_w.l(strtok.o)
    0x200001d0   COMPRESSED   0x00000004   Data   RW         8448    .data               mc_w.l(errno.o)
    0x200001d4        -       0x00001000   Zero   RW          513    .bss                uc-os2_demo.o
    0x200011d4        -       0x0000001e   Zero   RW          691    .bss                rtc.o
    0x200011f2   COMPRESSED   0x00000002   PAD
    0x200011f4        -       0x00000120   Zero   RW          825    .bss                gtim.o
    0x20001314        -       0x00000400   Zero   RW         1046    .bss                oled.o
    0x20001714        -       0x00000184   Zero   RW         1391    .bss                dma.o
    0x20001898        -       0x000002c0   Zero   RW         1494    .bss                usart.o
    0x20001b58        -       0x00000400   Zero   RW         7142    .bss                os_cpu_c.o
    0x20001f58        -       0x00000dd8   Zero   RW         7263    .bss                os_core.o
    0x20002d30        -       0x00000050   Zero   RW         7264    .bss                os_core.o
    0x20002d80        -       0x00000078   Zero   RW         7265    .bss                os_core.o
    0x20002df8        -       0x00000060   Zero   RW         7266    .bss                os_core.o
    0x20002e58        -       0x00000280   Zero   RW         7267    .bss                os_core.o
    0x200030d8        -       0x00000200   Zero   RW         7268    .bss                os_core.o
    0x200032d8        -       0x00000040   Zero   RW         7269    .bss                os_core.o
    0x20003318        -       0x00000400   Zero   RW            1    STACK               startup_stm32f103xe.o



  Load Region LR$$.ARM.__AT_0x68000000 (Base: 0x68000000, Size: 0x00000000, Max: 0x000f0c00, ABSOLUTE)

    Execution Region ER$$.ARM.__AT_0x68000000 (Exec base: 0x68000000, Load base: 0x68000000, Size: 0x000f0c00, Max: 0x000f0c00, ABSOLUTE, UNINIT)

    Exec Addr    Load Addr    Size         Type   Attr      Idx    E Section Name        Object

    0x68000000        -       0x000f0c00   Zero   RW         6260    .ARM.__AT_0x68000000  malloc.o



  Load Region LR$$.ARM.__AT_0x680F0C00 (Base: 0x680f0c00, Size: 0x00000000, Max: 0x0000f0c0, ABSOLUTE)

    Execution Region ER$$.ARM.__AT_0x680F0C00 (Exec base: 0x680f0c00, Load base: 0x680f0c00, Size: 0x0000f0c0, Max: 0x0000f0c0, ABSOLUTE, UNINIT)

    Exec Addr    Load Addr    Size         Type   Attr      Idx    E Section Name        Object

    0x680f0c00        -       0x0000f0c0   Zero   RW         6261    .ARM.__AT_0x680F0C00  malloc.o


==============================================================================

Image component sizes


      Code (inc. data)   RO Data    RW Data    ZI Data      Debug   Object Name

        16          0          0          0          0       4156   app_hooks.o
       224         30          0          8          0       3921   delay.o
       228         22          0          0          0       1540   dir.o
       352         40          0          6          0       1787   distance.o
       336         54          0          2        388       4732   dma.o
       560        100          0          0        288       5411   gtim.o
       390         28          0          0          0       3645   i2c.o
        68          8          0          0          0        879   led.o
       660         38          0          0          0       3166   littlemoter.o
       144         10          0         40          0     491702   main.o
         0          0          0          0    1047744       1679   malloc.o
      1050         36       6080          0       1024       9192   oled.o
      1992        210        256         92       5056      27967   os_core.o
       276         32          0          0          0        460   os_cpu_a.o
       302         30          0         12       1024      18118   os_cpu_c.o
         2          0          0          0          0        538   os_dbg.o
       106         12          0          0          0       1434   os_flag.o
        76         14          0          0          0        759   os_mbox.o
        80         14          0          0          0        641   os_mem.o
        72         10          0          0          0        703   os_q.o
       378         28          0          0          0       2826   os_sem.o
       994        100          0          0          0       6805   os_task.o
       100         20          0          0          0        708   os_time.o
       596        138          0          0          0       4479   os_tmr.o
       148         18          0          0          0       1922   relay.o
       478         66          0          2         30       3695   rtc.o
      1184         56          0          0          0       1839   speed.o
        64         38          0          0          0        481   start.o
        36          8        304          0       1024        940   startup_stm32f103xe.o
       134         24          0         12          0       6483   stm32f1xx_hal.o
       232         14          0          0          0      29805   stm32f1xx_hal_cortex.o
       464         20          0          0          0       1978   stm32f1xx_hal_dma.o
       576         40          0          0          0       4164   stm32f1xx_hal_gpio.o
      1468        106          0          0          0       6764   stm32f1xx_hal_rcc.o
       340         42          0          0          0       3248   stm32f1xx_hal_tim.o
      1248         10          0          0          0       9585   stm32f1xx_hal_uart.o
        14          0          0          0          0       3051   stm32f1xx_it.o
        86          0          0          0          0        719   sys.o
         2          0         24          4          0       1367   system_stm32f1xx.o
      1734        336          0         32          0       4820   trans.o
       816        118          0        232       4096      24770   uc-os2_demo.o
      2820        642          0         14        704      12797   usart.o

    ----------------------------------------------------------------------
     20896       2512       6700        460    1061380     715676   Object Totals
         0          0         32          0          0          0   (incl. Generated)
        50          0          4          4          2          0   (incl. Padding)

    ----------------------------------------------------------------------

      Code (inc. data)   RO Data    RW Data    ZI Data      Debug   Library Member Name

       624         52         80          0          0        168   asin.o
       544         70        152          0          0        124   atan.o
       412         38          0          0          0        144   atan2.o
        42          0          0          0          0         84   atof.o
        38          6          0          0          0        272   dunder.o
       148          4          0          0          0         88   fmod.o
        40          0          0          0          0         68   fpclassify.o
       170          0          0          0          0         96   poly.o
         0          0          8          0          0          0   qnan.o
        76          0          0          0          0         84   sqrt.o
        86          0          0          0          0          0   __dczerorl2.o
        64          0          0          0          0         84   _sgetc.o
        40          6         64          0          0         68   ctype_c.o
         0          0          0          0          0          0   entry.o
         0          0          0          0          0          0   entry10a.o
         0          0          0          0          0          0   entry11a.o
         4          0          0          0          0          0   entry12b.o
         8          4          0          0          0          0   entry2.o
         4          0          0          0          0          0   entry5.o
         0          0          0          0          0          0   entry7b.o
         0          0          0          0          0          0   entry8b.o
         8          4          0          0          0          0   entry9a.o
        24         12          0          4          0        136   errno.o
        30          0          0          0          0          0   handlers.o
        36          8          0          0          0         68   init.o
        10          0          0          0          0         68   isspace_c.o
         0          0          0          0          0          0   iusefp.o
        30          0          0          0          0         68   llshl.o
        36          0          0          0          0         68   llsshr.o
        32          0          0          0          0         68   llushr.o
        36          0          0          0          0        108   memseta.o
      2268         96          0          0          0        616   printfa.o
       878         12          0          0          0        216   scanf_fp.o
        14          0          0          0          0         68   strlen.o
        30          0          0          0          0         80   strncmp.o
       156         12          0          0          0        120   strtod.o
        68          6          0          4          0         80   strtok.o
        44          0          0          0          0         80   uidiv.o
        98          0          0          0          0         92   uldiv.o
        48          0          0          0          0         68   cdcmple.o
        48          0          0          0          0         68   cdrcmple.o
        56          0          0          0          0         88   d2f.o
       334          0          0          0          0        148   dadd.o
       222          0          0          0          0        100   ddiv.o
       186          0          0          0          0        176   depilogue.o
        50          0          0          0          0         76   dfixui.o
        48          0          0          0          0         68   dfixul.o
        26          0          0          0          0         76   dfltui.o
        24          0          0          0          0         76   dfltul.o
       228          0          0          0          0         96   dmul.o
       134          0          0          0          0         96   drem.o
        46          0          0          0          0         80   dscalb.o
       162          0          0          0          0        100   dsqrt.o
        38          0          0          0          0         68   f2d.o
       176          0          0          0          0        140   fadd.o
       124          0          0          0          0         88   fdiv.o
       110          0          0          0          0        168   fepilogue.o
        40          0          0          0          0         68   ffixui.o
        10          0          0          0          0         68   ffltui.o
       100          0          0          0          0         76   fmul.o
        24          0          0          0          0         68   fscalb.o

    ----------------------------------------------------------------------
      8340        330        304          8          0       5276   Library Totals
         8          0          0          0          0          0   (incl. Padding)

    ----------------------------------------------------------------------

      Code (inc. data)   RO Data    RW Data    ZI Data      Debug   Library Name

      2094        170        240          0          0       1128   m_ws.l
      4004        160         64          8          0       2088   mc_w.l
      2234          0          0          0          0       2060   mf_w.l

    ----------------------------------------------------------------------
      8340        330        304          8          0       5276   Library Totals

    ----------------------------------------------------------------------

==============================================================================


      Code (inc. data)   RO Data    RW Data    ZI Data      Debug   

     29236       2842       7004        468    1061380     707924   Grand Totals
     29236       2842       7004        228    1061380     707924   ELF Image Totals (compressed)
     29236       2842       7004        228          0          0   ROM Totals

==============================================================================

    Total RO  Size (Code + RO Data)                36240 (  35.39kB)
    Total RW  Size (RW Data + ZI Data)           1061848 (1036.96kB)
    Total ROM Size (Code + RO Data + RW Data)      36468 (  35.61kB)

==============================================================================

