<html>
<body>
<pre>
<h1>µVision Build Log</h1>
<h2>Tool Versions:</h2>
IDE-Version: ¦ÌVision V5.38.0.0
Copyright (C) 2022 ARM Ltd and ARM Germany GmbH. All rights reserved.
License Information: aa HUAWEI, aaaa, LIC=D0D7S-LMQLN-AR3XW-Q536F-4YUSY-EFVVX
 
Tool Versions:
Toolchain:       MDK-ARM Plus  Version: 5.38.0.0
Toolchain Path:  D:\Keil_v5\ARM\ARMCC\Bin
C Compiler:      Armcc.exe V5.06 update 7 (build 960)
Assembler:       Armasm.exe V5.06 update 7 (build 960)
Linker/Locator:  ArmLink.exe V5.06 update 7 (build 960)
Library Manager: ArmAr.exe V5.06 update 7 (build 960)
Hex Converter:   FromElf.exe V5.06 update 7 (build 960)
CPU DLL:         SARMCM3.DLL V5.38.0.0
Dialog DLL:      DCM.DLL V1.17.5.0
Target DLL:      Segger\JL2CM3.dll V2.99.42.0
Dialog DLL:      TCM.DLL V1.56.4.0
 
<h2>Project:</h2>
D:\VSCODE\Embedded\stm32_f103_code_pulse_robot_25\Projects\MDK-ARM\atk_f103.uvprojx
Project File Date:  08/07/2024

<h2>Output:</h2>
*** Using Compiler 'V5.06 update 7 (build 960)', folder: 'D:\Keil_v5\ARM\ARMCC\Bin'
Rebuild target 'uC-OS2'
assembling startup_stm32f103xe.s...
compiling led.c...
compiling system_stm32f1xx.c...
compiling DIR.c...
compiling main.c...
compiling stm32f1xx_it.c...
compiling rtc.c...
compiling uc-os2_demo.c...
compiling speed.c...
compiling gtim.c...
compiling relay.c...
compiling spi.c...
compiling i2c.c...
compiling oled.c...
compiling littlemoter.c...
compiling sys.c...
compiling start.c...
compiling dma.c...
compiling distance.c...
compiling trans.c...
compiling delay.c...
compiling usart.c...
compiling stm32f1xx_hal_gpio_ex.c...
compiling stm32f1xx_hal_cortex.c...
compiling stm32f1xx_hal_rcc_ex.c...
compiling stm32f1xx_hal.c...
compiling stm32f1xx_hal_pwr.c...
compiling stm32f1xx_hal_dma.c...
compiling stm32f1xx_hal_rcc.c...
compiling stm32f1xx_hal_sram.c...
compiling stm32f1xx_ll_fsmc.c...
compiling stm32f1xx_hal_gpio.c...
compiling stm32f1xx_hal_usart.c...
compiling stm32f1xx_hal_uart.c...
compiling stm32f1xx_hal_tim_ex.c...
compiling stm32f1xx_hal_tim.c...
compiling stm32f1xx_hal_dac_ex.c...
compiling stm32f1xx_hal_adc_ex.c...
compiling stm32f1xx_hal_dac.c...
compiling stm32f1xx_hal_flash.c...
compiling stm32f1xx_hal_flash_ex.c...
compiling stm32f1xx_hal_adc.c...
compiling bsp_cpu.c...
assembling cpu_a.asm...
compiling cpu_c.c...
compiling stm32f1xx_hal_sd.c...
compiling cpu_core.c...
compiling lib_ascii.c...
compiling lib_math.c...
compiling lib_mem.c...
compiling lib_str.c...
compiling app_hooks.c...
assembling os_cpu_a.asm...
compiling os_dbg.c...
compiling os_cpu_c.c...
compiling os_flag.c...
compiling os_core.c...
compiling os_mbox.c...
compiling os_mem.c...
compiling os_mutex.c...
compiling os_q.c...
compiling os_sem.c...
compiling os_task.c...
compiling os_time.c...
compiling os_tmr.c...
compiling malloc.c...
compiling stm32f1xx_ll_sdmmc.c...
compiling stm32f1xx_hal_rtc.c...
compiling stm32f1xx_hal_rtc_ex.c...
compiling stm32f1xx_hal_spi.c...
linking...
Program Size: Code=29236 RO-data=7004 RW-data=468 ZI-data=1061380  
FromELF: creating hex file...
"..\..\Output\atk_f103.axf" - 0 Error(s), 0 Warning(s).

<h2>Software Packages used:</h2>

Package Vendor: Keil
                https://www.keil.com/pack/Keil.STM32F1xx_DFP.2.4.1.pack
                Keil.STM32F1xx_DFP.2.4.1
                STMicroelectronics STM32F1 Series Device Support, Drivers and Examples

<h2>Collection of Component include folders:</h2>
  D:/users/huawei/appdata/local/Arm/Packs/Keil/STM32F1xx_DFP/2.4.1/Device/Include

<h2>Collection of Component Files used:</h2>
Build Time Elapsed:  00:01:09
</pre>
</body>
</html>
